 crystalflask

 Timestamp is 5f4a52f4 (Sat Aug 29 15:07:00 2020)

 Preferred load address is 0000000180000000

 Start         Length     Name                   Class
 0001:00000000 00036950H .text$mn                CODE
 0001:00036950 00000040H .text$mn$00             CODE
 0001:00036990 0000069dH .text$x                 CODE
 0002:00000000 00000250H .idata$5                DATA
 0002:00000250 00000028H .00cfg                  DATA
 0002:00000278 00000008H .CRT$XCA                DATA
 0002:00000280 00000008H .CRT$XCZ                DATA
 0002:00000288 00000008H .CRT$XIA                DATA
 0002:00000290 00000018H .CRT$XIC                DATA
 0002:000002a8 00000008H .CRT$XIZ                DATA
 0002:000002b0 00000008H .CRT$XPA                DATA
 0002:000002b8 00000010H .CRT$XPX                DATA
 0002:000002c8 00000008H .CRT$XPXA               DATA
 0002:000002d0 00000008H .CRT$XPZ                DATA
 0002:000002d8 00000008H .CRT$XTA                DATA
 0002:000002e0 00000010H .CRT$XTZ                DATA
 0002:000002e8 00000000H .gfids$y                DATA
 0002:000002f0 00014040H .rdata                  DATA
 0002:00014330 0000016cH .rdata$r                DATA
 0002:0001449c 00000314H .rdata$zzzdbg           DATA
 0002:000147b0 00000008H .rtc$IAA                DATA
 0002:000147b8 00000008H .rtc$IZZ                DATA
 0002:000147c0 00000008H .rtc$TAA                DATA
 0002:000147c8 00000008H .rtc$TZZ                DATA
 0002:000147d0 000010e8H .xdata                  DATA
 0002:000158b8 00000088H .xdata$x                DATA
 0002:00015940 00000078H .edata                  DATA
 0002:000159b8 00000014H .idata$2                DATA
 0002:000159cc 00000014H .idata$3                DATA
 0002:000159e0 00000250H .idata$4                DATA
 0002:00015c30 00000564H .idata$6                DATA
 0003:00000000 00001ee0H .data                   DATA
 0003:00001ee0 00000070H .data$r                 DATA
 0003:00001f50 00002d3cH .bss                    DATA
 0004:00000000 00002de4H .pdata                  DATA
 0005:00000000 00000094H _RDATA                  DATA

  Address         Publics by Value              Rva+Base               Lib:Object

 0000:00000000       __guard_longjmp_count      0000000000000000     <absolute>
 0000:00000000       __arm64x_redirection_metadata 0000000000000000     <absolute>
 0000:00000000       __guard_fids_count         0000000000000000     <absolute>
 0000:00000000       __hybrid_code_map_count    0000000000000000     <absolute>
 0000:00000000       __x64_code_ranges_to_entry_points 0000000000000000     <absolute>
 0000:00000000       __guard_iat_table          0000000000000000     <absolute>
 0000:00000000       __hybrid_code_map          0000000000000000     <absolute>
 0000:00000000       __guard_iat_count          0000000000000000     <absolute>
 0000:00000000       __guard_eh_cont_count      0000000000000000     <absolute>
 0000:00000000       __arm64x_native_entrypoint 0000000000000000     <absolute>
 0000:00000000       __volatile_metadata        0000000000000000     <absolute>
 0000:00000000       __guard_longjmp_table      0000000000000000     <absolute>
 0000:00000000       __guard_eh_cont_table      0000000000000000     <absolute>
 0000:00000000       __enclave_config           0000000000000000     <absolute>
 0000:00000000       __AbsoluteZero             0000000000000000     <absolute>
 0000:00000000       ___safe_se_handler_count   0000000000000000     <absolute>
 0000:00000000       __dynamic_value_reloc_table 0000000000000000     <absolute>
 0000:00000000       ___safe_se_handler_table   0000000000000000     <absolute>
 0000:00000000       __guard_fids_table         0000000000000000     <absolute>
 0000:00000000       __hybrid_auxiliary_iat     0000000000000000     <absolute>
 0000:00000100       __guard_flags              0000000000000100     <absolute>
 0000:00000000       __ImageBase                0000000180000000     <linker-defined>
 0001:00000040       PushSize_                  0000000180001040 f   crystalflask.obj
 0001:00000090       PopSize_                   0000000180001090 f   crystalflask.obj
 0001:000000c0       gl3wInit                   00000001800010c0 f   crystalflask.obj
 0001:00000100       gl3wInit2                  0000000180001100 f   crystalflask.obj
 0001:00000130       gl3wIsSupported            0000000180001130 f   crystalflask.obj
 0001:000001b0       gl3wGetProcAddress         00000001800011b0 f   crystalflask.obj
 0001:00000490       GameUpdateAndRender        0000000180001490 f   crystalflask.obj
 0001:000004e0       GameGetSoundSamples        00000001800014e0 f   crystalflask.obj
 0001:00000510       GetController              0000000180001510 f i crystalflask.obj
 0001:00000540       ?configure_argv@__scrt_narrow_argv_policy@@SAHXZ 0000000180001540 f i LIBCMTD:utility.obj
 0001:00000630       ?initialize_environment@__scrt_narrow_environment_policy@@SAHXZ 0000000180001630 f i LIBCMTD:utility.obj
 0001:000006d0       NtCurrentTeb               00000001800016d0 f i LIBCMTD:utility.obj
 0001:000006e0       __scrt_acquire_startup_lock 00000001800016e0 f   LIBCMTD:utility.obj
 0001:00000750       __scrt_dllmain_after_initialize_c 0000000180001750 f   LIBCMTD:utility.obj
 0001:00000780       __scrt_dllmain_before_initialize_c 0000000180001780 f   LIBCMTD:utility.obj
 0001:000007a0       __scrt_dllmain_crt_thread_attach 00000001800017a0 f   LIBCMTD:utility.obj
 0001:000007d0       __scrt_dllmain_crt_thread_detach 00000001800017d0 f   LIBCMTD:utility.obj
 0001:000007f0       __scrt_dllmain_exception_filter 00000001800017f0 f   LIBCMTD:utility.obj
 0001:00000860       __scrt_dllmain_uninitialize_c 0000000180001860 f   LIBCMTD:utility.obj
 0001:00000890       __scrt_dllmain_uninitialize_critical 0000000180001890 f   LIBCMTD:utility.obj
 0001:000008b0       __scrt_initialize_crt      00000001800018b0 f   LIBCMTD:utility.obj
 0001:00000900       __scrt_initialize_onexit_tables 0000000180001900 f   LIBCMTD:utility.obj
 0001:00000a10       __scrt_is_nonwritable_in_current_image 0000000180001a10 f   LIBCMTD:utility.obj
 0001:00000aa0       __scrt_release_startup_lock 0000000180001aa0 f   LIBCMTD:utility.obj
 0001:00000ad0       __scrt_uninitialize_crt    0000000180001ad0 f   LIBCMTD:utility.obj
 0001:00000b10       _onexit                    0000000180001b10 f   LIBCMTD:utility.obj
 0001:00000b90       atexit                     0000000180001b90 f   LIBCMTD:utility.obj
 0001:00000fe0       _DllMainCRTStartup         0000000180001fe0 f   LIBCMTD:dll_dllmain.obj
 0001:00001020       __isa_available_init       0000000180002020 f   LIBCMTD:cpu_disp.obj
 0001:000013c0       _get_startup_argv_mode     00000001800023c0 f   LIBCMTD:argv_mode.obj
 0001:000013d0       __scrt_is_ucrt_dll_in_use  00000001800023d0 f   LIBCMTD:ucrt_detection.obj
 0001:00001400       __crt_debugger_hook        0000000180002400 f   LIBCMTD:utility_desktop.obj
 0001:00001410       __scrt_fastfail            0000000180002410 f   LIBCMTD:utility_desktop.obj
 0001:000015b0       ??1scoped_global_state_reset@__crt_state_management@@QEAA@XZ 00000001800025b0 f i libucrtd:onexit.obj
 0001:000015b0       ??1?$__crt_simd_cleanup_guard@$0A@@@QEAA@XZ 00000001800025b0 f i libucrtd:strnlen.obj
 0001:000015b0       _guard_check_icall_nop     00000001800025b0 f i LIBCMTD:guard_support.obj
 0001:000015c0       ReadNoFence64              00000001800025c0 f i LIBCMTD:guard_support.obj
 0001:000015c0       ?__crt_interlocked_read_64@@YA_JPED_J@Z 00000001800025c0 f i libvcruntimed:std_type_info.obj
 0001:000015e0       ReadPointerNoFence         00000001800025e0 f i LIBCMTD:guard_support.obj
 0001:000015e0       ??$__crt_interlocked_read_pointer@X@@YAPEAXPEDSEAX@Z 00000001800025e0 f i libvcruntimed:winapi_downlevel.obj
 0001:000015e0       ??$__crt_interlocked_read_pointer@UHINSTANCE__@@@@YAPEAUHINSTANCE__@@PEDSEAU0@@Z 00000001800025e0 f i libvcruntimed:winapi_downlevel.obj
 0001:00001600       _guard_icall_checks_enforced 0000000180002600 f i LIBCMTD:guard_support.obj
 0001:00001700       __security_init_cookie     0000000180002700 f   LIBCMTD:gs_support.obj
 0001:00001780       DllMain                    0000000180002780 f   LIBCMTD:dll_dllmain_stub.obj
 0001:000017a0       ?__scrt_initialize_type_info@@YAXXZ 00000001800027a0 f   LIBCMTD:tncleanup.obj
 0001:000017c0       ?__scrt_uninitialize_type_info@@YAXXZ 00000001800027c0 f   LIBCMTD:tncleanup.obj
 0001:000017e0       __local_stdio_printf_options 00000001800027e0 f i LIBCMTD:default_local_stdio_options.obj
 0001:000017f0       __local_stdio_scanf_options 00000001800027f0 f i LIBCMTD:default_local_stdio_options.obj
 0001:00001800       __scrt_initialize_default_local_stdio_options 0000000180002800 f   LIBCMTD:default_local_stdio_options.obj
 0001:00001850       __scrt_get_dyn_tls_init_callback 0000000180002850 f   LIBCMTD:dyn_tls_init.obj
 0001:00001860       _RTC_Initialize            0000000180002860 f   LIBCMTD:initsect.obj
 0001:000018b0       _RTC_Terminate             00000001800028b0 f   LIBCMTD:initsect.obj
 0001:00001900       __GSHandlerCheck           0000000180002900 f   LIBCMTD:gshandler.obj
 0001:00001940       __GSHandlerCheckCommon     0000000180002940 f   LIBCMTD:gshandler.obj
 0001:00001a50       __security_check_cookie    0000000180002a50 f   LIBCMTD:amdsecgs.obj
 0001:00001a80       __raise_securityfailure    0000000180002a80 f   LIBCMTD:gs_report.obj
 0001:00001ac0       __report_gsfailure         0000000180002ac0 f   LIBCMTD:gs_report.obj
 0001:00001ba0       __report_rangecheckfailure 0000000180002ba0 f   LIBCMTD:gs_report.obj
 0001:00001bc0       __report_securityfailure   0000000180002bc0 f   LIBCMTD:gs_report.obj
 0001:00001db2       IsProcessorFeaturePresent  0000000180002db2 f   kernel32:KERNEL32.dll
 0001:00001dc0       __vcrt_initialize          0000000180002dc0 f   libvcruntimed:initialization.obj
 0001:00001e00       __vcrt_thread_attach       0000000180002e00 f   libvcruntimed:initialization.obj
 0001:00001e20       __vcrt_thread_detach       0000000180002e20 f   libvcruntimed:initialization.obj
 0001:00001e40       __vcrt_uninitialize        0000000180002e40 f   libvcruntimed:initialization.obj
 0001:00001e60       __vcrt_uninitialize_critical 0000000180002e60 f   libvcruntimed:initialization.obj
 0001:00001e80       __C_specific_handler       0000000180002e80 f   libvcruntimed:riscchandler.obj
 0001:000022f0       __DestructExceptionObject  00000001800032f0 f   libvcruntimed:ehhelpers.obj
 0001:000023f0       ?_CallMemberFunction0@@YAXQEAX0@Z 00000001800033f0 f i libvcruntimed:ehhelpers.obj
 0001:000024c0       _IsExceptionObjectToBeDestroyed 00000001800034c0 f   libvcruntimed:ehhelpers.obj
 0001:00002510       __AdjustPointer            0000000180003510 f   libvcruntimed:ehhelpers.obj
 0001:00002590       __FrameUnwindFilter        0000000180003590 f   libvcruntimed:ehhelpers.obj
 0001:00002640       ??$?RU__acrt_ptd@@@__crt_internal_free_policy@@QEBAXQEBU__acrt_ptd@@@Z 0000000180003640 f i libucrtd:per_thread_data.obj
 0001:00002640       ??$?RPEAD@__crt_internal_free_policy@@QEBAXQEBQEAD@Z 0000000180003640 f i libucrtd:argv_parsing.obj
 0001:00002640       ??$?RU__crt_multibyte_data@@@__crt_internal_free_policy@@QEBAXQEBU__crt_multibyte_data@@@Z 0000000180003640 f i libucrtd:mbctype.obj
 0001:00002640       ??$?RP6AXXZ@__crt_internal_free_policy@@QEBAXQEBQ6AXXZ@Z 0000000180003640 f i libucrtd:onexit.obj
 0001:00002640       ??$?RPEAU__crt_stdio_stream_data@@@__crt_internal_free_policy@@QEBAXQEBQEAU__crt_stdio_stream_data@@@Z 0000000180003640 f i libucrtd:_file.obj
 0001:00002640       ??$?RU__vcrt_ptd@@@__crt_internal_free_policy@@QEBAXQEBU__vcrt_ptd@@@Z 0000000180003640 f i libvcruntimed:per_thread_data.obj
 0001:00002640       ??$?RE@__crt_internal_free_policy@@QEBAXQEBE@Z 0000000180003640 f i libucrtd:argv_parsing.obj
 0001:00002640       ??$?RD@__crt_internal_free_policy@@QEBAXQEBD@Z 0000000180003640 f i libvcruntimed:std_type_info.obj
 0001:00002640       ??$?RU__crt_lowio_handle_data@@@__crt_internal_free_policy@@QEBAXQEBU__crt_lowio_handle_data@@@Z 0000000180003640 f i libucrtd:osfinfo.obj
 0001:00002670       ??0?$__crt_unique_heap_ptr@U__acrt_ptd@@U__crt_internal_free_policy@@@@QEAA@QEAU__acrt_ptd@@@Z 0000000180003670 f i libucrtd:per_thread_data.obj
 0001:00002670       ??0?$__crt_unique_handle_t@U__crt_hmodule_traits@@@@QEAA@QEAUHINSTANCE__@@@Z 0000000180003670 f i libucrtd:exit.obj
 0001:00002670       ??0?$__crt_unique_heap_ptr@EU__crt_internal_free_policy@@@@QEAA@QEAE@Z 0000000180003670 f i libucrtd:argv_parsing.obj
 0001:00002670       ??0?$__crt_unique_heap_ptr@U__crt_lowio_handle_data@@U__crt_internal_free_policy@@@@QEAA@QEAU__crt_lowio_handle_data@@@Z 0000000180003670 f i libucrtd:osfinfo.obj
 0001:00002670       ??0?$__crt_unique_heap_ptr@PEAU__crt_stdio_stream_data@@U__crt_internal_free_policy@@@@QEAA@QEAPEAU__crt_stdio_stream_data@@@Z 0000000180003670 f i libucrtd:_file.obj
 0001:00002670       ??0?$__crt_unique_heap_ptr@P6AXXZU__crt_internal_free_policy@@@@QEAA@QEAP6AXXZ@Z 0000000180003670 f i libucrtd:onexit.obj
 0001:00002670       ??0?$__crt_scoped_stack_ptr@_W@@QEAA@U?$__crt_scoped_stack_ptr_tag@_W@@@Z 0000000180003670 f i libucrtd:getstringtypea.obj
 0001:00002670       ??0__crt_stdio_stream@@QEAA@QEAU__crt_stdio_stream_data@@@Z 0000000180003670 f i libucrtd:fflush.obj
 0001:00002670       ??0?$__crt_unique_handle_t@U__crt_findfile_traits@@@@QEAA@QEAX@Z 0000000180003670 f i libucrtd:argv_wildcards.obj
 0001:00002670       ??0?$string_output_adapter@_W@__crt_stdio_output@@QEAA@QEAU?$string_output_adapter_context@_W@1@@Z 0000000180003670 f i libucrtd:output.obj
 0001:00002670       ??0?$string_output_adapter@D@__crt_stdio_output@@QEAA@QEAU?$string_output_adapter_context@D@1@@Z 0000000180003670 f i libucrtd:output.obj
 0001:00002670       ??0__crt_stdio_stream@@QEAA@QEAU_iobuf@@@Z 0000000180003670 f i libucrtd:output.obj
 0001:00002670       ??0?$__crt_unique_heap_ptr@U__crt_multibyte_data@@U__crt_internal_free_policy@@@@QEAA@QEAU__crt_multibyte_data@@@Z 0000000180003670 f i libucrtd:mbctype.obj
 0001:00002670       ??0?$__crt_scoped_stack_ptr_tag@_W@@QEAA@QEA_W@Z 0000000180003670 f i libucrtd:getstringtypea.obj
 0001:00002670       ??0?$__crt_unique_heap_ptr@PEADU__crt_internal_free_policy@@@@QEAA@QEAPEAD@Z 0000000180003670 f i libucrtd:argv_parsing.obj
 0001:00002670       ??0?$__crt_unique_heap_ptr@U__vcrt_ptd@@U__crt_internal_free_policy@@@@QEAA@QEAU__vcrt_ptd@@@Z 0000000180003670 f i libvcruntimed:per_thread_data.obj
 0001:00002670       ??0?$__crt_unique_heap_ptr@DU__crt_public_free_policy@@@@QEAA@QEAD@Z 0000000180003670 f i libvcruntimed:std_exception.obj
 0001:00002670       ??0?$__crt_unique_heap_ptr@DU__crt_internal_free_policy@@@@QEAA@QEAD@Z 0000000180003670 f i libvcruntimed:std_type_info.obj
 0001:00002690       ??1?$__crt_unique_heap_ptr@U__acrt_ptd@@U__crt_internal_free_policy@@@@QEAA@XZ 0000000180003690 f i libucrtd:per_thread_data.obj
 0001:00002690       ??1?$__crt_unique_heap_ptr@U__crt_lowio_handle_data@@U__crt_internal_free_policy@@@@QEAA@XZ 0000000180003690 f i libucrtd:osfinfo.obj
 0001:00002690       ??1?$__crt_unique_heap_ptr@PEADU__crt_internal_free_policy@@@@QEAA@XZ 0000000180003690 f i libucrtd:argv_parsing.obj
 0001:00002690       ??1?$__crt_unique_heap_ptr@EU__crt_internal_free_policy@@@@QEAA@XZ 0000000180003690 f i libucrtd:argv_parsing.obj
 0001:00002690       ??1?$__crt_unique_heap_ptr@U__crt_multibyte_data@@U__crt_internal_free_policy@@@@QEAA@XZ 0000000180003690 f i libucrtd:mbctype.obj
 0001:00002690       ??1?$__crt_unique_heap_ptr@U__vcrt_ptd@@U__crt_internal_free_policy@@@@QEAA@XZ 0000000180003690 f i libvcruntimed:per_thread_data.obj
 0001:00002690       ??1?$__crt_unique_heap_ptr@P6AXXZU__crt_internal_free_policy@@@@QEAA@XZ 0000000180003690 f i libucrtd:onexit.obj
 0001:00002690       ??1?$__crt_unique_heap_ptr@PEAU__crt_stdio_stream_data@@U__crt_internal_free_policy@@@@QEAA@XZ 0000000180003690 f i libucrtd:_file.obj
 0001:00002690       ??1?$__crt_unique_heap_ptr@DU__crt_internal_free_policy@@@@QEAA@XZ 0000000180003690 f i libvcruntimed:std_type_info.obj
 0001:000026b0       ??B?$__crt_unique_heap_ptr@U__crt_lowio_handle_data@@U__crt_internal_free_policy@@@@QEBA_NXZ 00000001800036b0 f i libucrtd:osfinfo.obj
 0001:000026b0       ??B?$__crt_unique_heap_ptr@U__crt_multibyte_data@@U__crt_internal_free_policy@@@@QEBA_NXZ 00000001800036b0 f i libucrtd:mbctype.obj
 0001:000026b0       ??B?$__crt_unique_heap_ptr@DU__crt_public_free_policy@@@@QEBA_NXZ 00000001800036b0 f i libvcruntimed:std_exception.obj
 0001:000026b0       ??B?$__crt_unique_heap_ptr@DU__crt_internal_free_policy@@@@QEBA_NXZ 00000001800036b0 f i libvcruntimed:std_type_info.obj
 0001:000026b0       ??B?$__crt_unique_heap_ptr@U__acrt_ptd@@U__crt_internal_free_policy@@@@QEBA_NXZ 00000001800036b0 f i libucrtd:per_thread_data.obj
 0001:000026b0       ??B?$__crt_unique_heap_ptr@EU__crt_internal_free_policy@@@@QEBA_NXZ 00000001800036b0 f i libucrtd:argv_parsing.obj
 0001:000026b0       ??B?$__crt_unique_heap_ptr@U__vcrt_ptd@@U__crt_internal_free_policy@@@@QEBA_NXZ 00000001800036b0 f i libvcruntimed:per_thread_data.obj
 0001:000026d0       ?public_stream@__crt_stdio_stream@@QEBAPEAU_iobuf@@XZ 00000001800036d0 f i libucrtd:output.obj
 0001:000026d0       ?get@?$__crt_unique_heap_ptr@DU__crt_internal_free_policy@@@@QEBAPEADXZ 00000001800036d0 f i libvcruntimed:std_type_info.obj
 0001:000026d0       ?get@?$__crt_unique_handle_t@U__crt_findfile_traits@@@@QEBAPEAXXZ 00000001800036d0 f i libucrtd:argv_wildcards.obj
 0001:000026d0       ?get@?$__crt_unique_heap_ptr@U__crt_multibyte_data@@U__crt_internal_free_policy@@@@QEBAPEAU__crt_multibyte_data@@XZ 00000001800036d0 f i libucrtd:mbctype.obj
 0001:000026d0       ?save_state@?$c_string_character_source@_W@__crt_strtox@@QEBAPEB_WXZ 00000001800036d0 f i libucrtd:atox.obj
 0001:000026d0       ?get@?$__crt_unique_heap_ptr@U__crt_lowio_handle_data@@U__crt_internal_free_policy@@@@QEBAPEAU__crt_lowio_handle_data@@XZ 00000001800036d0 f i libucrtd:osfinfo.obj
 0001:000026d0       ?get@?$__crt_unique_heap_ptr@U__vcrt_ptd@@U__crt_internal_free_policy@@@@QEBAPEAU__vcrt_ptd@@XZ 00000001800036d0 f i libvcruntimed:per_thread_data.obj
 0001:000026d0       ?get@?$__crt_unique_heap_ptr@U__acrt_ptd@@U__crt_internal_free_policy@@@@QEBAPEAU__acrt_ptd@@XZ 00000001800036d0 f i libucrtd:per_thread_data.obj
 0001:000026d0       ?get@?$__crt_unique_heap_ptr@PEADU__crt_internal_free_policy@@@@QEBAPEAPEADXZ 00000001800036d0 f i libucrtd:argv_parsing.obj
 0001:000026d0       ??C__crt_stdio_stream@@QEBAPEAU__crt_stdio_stream_data@@XZ 00000001800036d0 f i libucrtd:output.obj
 0001:000026d0       ?get@?$__crt_scoped_stack_ptr@_W@@QEBAPEA_WXZ 00000001800036d0 f i libucrtd:getstringtypea.obj
 0001:000026d0       ?get@?$__crt_unique_handle_t@U__crt_hmodule_traits@@@@QEBAPEAUHINSTANCE__@@XZ 00000001800036d0 f i libucrtd:exit.obj
 0001:000026d0       ?get@?$__crt_unique_heap_ptr@DU__crt_public_free_policy@@@@QEBAPEADXZ 00000001800036d0 f i libvcruntimed:std_exception.obj
 0001:000026d0       ?save_state@?$c_string_character_source@D@__crt_strtox@@QEBAPEBDXZ 00000001800036d0 f i libucrtd:atox.obj
 0001:000026d0       ?get@?$__crt_unique_heap_ptr@EU__crt_internal_free_policy@@@@QEBAPEAEXZ 00000001800036d0 f i libucrtd:argv_parsing.obj
 0001:000026e0       ?is_valid@?$__crt_unique_heap_ptr@U__crt_multibyte_data@@U__crt_internal_free_policy@@@@QEBA_NXZ 00000001800036e0 f i libucrtd:mbctype.obj
 0001:000026e0       ?is_valid@?$__crt_unique_heap_ptr@DU__crt_internal_free_policy@@@@QEBA_NXZ 00000001800036e0 f i libvcruntimed:std_type_info.obj
 0001:000026e0       ?valid@__crt_stdio_stream@@QEBA_NXZ 00000001800036e0 f i libucrtd:output.obj
 0001:000026e0       ??B?$__crt_scoped_stack_ptr@_W@@QEBA_NXZ 00000001800036e0 f i libucrtd:lcmapstringa.obj
 0001:000026e0       ?is_valid@?$__crt_unique_heap_ptr@U__acrt_ptd@@U__crt_internal_free_policy@@@@QEBA_NXZ 00000001800036e0 f i libucrtd:per_thread_data.obj
 0001:000026e0       ?is_valid@?$__crt_unique_heap_ptr@U__crt_lowio_handle_data@@U__crt_internal_free_policy@@@@QEBA_NXZ 00000001800036e0 f i libucrtd:osfinfo.obj
 0001:000026e0       ?is_valid@?$__crt_unique_heap_ptr@EU__crt_internal_free_policy@@@@QEBA_NXZ 00000001800036e0 f i libucrtd:argv_parsing.obj
 0001:000026e0       ?is_valid@?$__crt_unique_heap_ptr@U__vcrt_ptd@@U__crt_internal_free_policy@@@@QEBA_NXZ 00000001800036e0 f i libvcruntimed:per_thread_data.obj
 0001:000026e0       ?is_valid@?$__crt_unique_heap_ptr@DU__crt_public_free_policy@@@@QEBA_NXZ 00000001800036e0 f i libvcruntimed:std_exception.obj
 0001:00002710       ?release@?$__crt_unique_heap_ptr@U__crt_multibyte_data@@U__crt_internal_free_policy@@@@QEAAXXZ 0000000180003710 f i libucrtd:mbctype.obj
 0001:00002710       ?release@?$__crt_unique_heap_ptr@U__vcrt_ptd@@U__crt_internal_free_policy@@@@QEAAXXZ 0000000180003710 f i libvcruntimed:per_thread_data.obj
 0001:00002710       ?release@?$__crt_unique_heap_ptr@EU__crt_internal_free_policy@@@@QEAAXXZ 0000000180003710 f i libucrtd:argv_parsing.obj
 0001:00002710       ?release@?$__crt_unique_heap_ptr@DU__crt_internal_free_policy@@@@QEAAXXZ 0000000180003710 f i libvcruntimed:std_type_info.obj
 0001:00002710       ?release@?$__crt_unique_heap_ptr@P6AXXZU__crt_internal_free_policy@@@@QEAAXXZ 0000000180003710 f i libucrtd:onexit.obj
 0001:00002710       ?release@?$__crt_unique_heap_ptr@PEAU__crt_stdio_stream_data@@U__crt_internal_free_policy@@@@QEAAXXZ 0000000180003710 f i libucrtd:_file.obj
 0001:00002710       ?release@?$__crt_unique_heap_ptr@U__acrt_ptd@@U__crt_internal_free_policy@@@@QEAAXXZ 0000000180003710 f i libucrtd:per_thread_data.obj
 0001:00002710       ?release@?$__crt_unique_heap_ptr@U__crt_lowio_handle_data@@U__crt_internal_free_policy@@@@QEAAXXZ 0000000180003710 f i libucrtd:osfinfo.obj
 0001:00002710       ?release@?$__crt_unique_heap_ptr@PEADU__crt_internal_free_policy@@@@QEAAXXZ 0000000180003710 f i libucrtd:argv_parsing.obj
 0001:00002740       __std_type_info_compare    0000000180003740 f   libvcruntimed:std_type_info.obj
 0001:00002780       __std_type_info_destroy_list 0000000180003780 f   libvcruntimed:std_type_info.obj
 0001:00002820       ?detach@?$__crt_unique_heap_ptr@P6AXXZU__crt_internal_free_policy@@@@QEAAPEAP6AXXZXZ 0000000180003820 f i libucrtd:onexit.obj
 0001:00002820       ?detach@?$__crt_unique_heap_ptr@U__crt_multibyte_data@@U__crt_internal_free_policy@@@@QEAAPEAU__crt_multibyte_data@@XZ 0000000180003820 f i libucrtd:mbctype.obj
 0001:00002820       ?detach@?$__crt_unique_heap_ptr@EU__crt_internal_free_policy@@@@QEAAPEAEXZ 0000000180003820 f i libucrtd:argv_parsing.obj
 0001:00002820       ?detach@?$__crt_unique_heap_ptr@PEAU__crt_stdio_stream_data@@U__crt_internal_free_policy@@@@QEAAPEAPEAU__crt_stdio_stream_data@@XZ 0000000180003820 f i libucrtd:_file.obj
 0001:00002820       ?detach@?$__crt_unique_heap_ptr@DU__crt_public_free_policy@@@@QEAAPEADXZ 0000000180003820 f i libvcruntimed:std_exception.obj
 0001:00002820       ?detach@?$__crt_unique_heap_ptr@U__crt_lowio_handle_data@@U__crt_internal_free_policy@@@@QEAAPEAU__crt_lowio_handle_data@@XZ 0000000180003820 f i libucrtd:osfinfo.obj
 0001:00002820       ?detach@?$__crt_unique_heap_ptr@PEADU__crt_internal_free_policy@@@@QEAAPEAPEADXZ 0000000180003820 f i libucrtd:argv_parsing.obj
 0001:00002820       ?detach@?$__crt_unique_heap_ptr@U__acrt_ptd@@U__crt_internal_free_policy@@@@QEAAPEAU__acrt_ptd@@XZ 0000000180003820 f i libucrtd:per_thread_data.obj
 0001:00002820       ?detach@?$__crt_unique_heap_ptr@U__vcrt_ptd@@U__crt_internal_free_policy@@@@QEAAPEAU__vcrt_ptd@@XZ 0000000180003820 f i libvcruntimed:per_thread_data.obj
 0001:00002890       __vcrt_freefls             0000000180003890 f   libvcruntimed:per_thread_data.obj
 0001:000028d0       __vcrt_freeptd             00000001800038d0 f   libvcruntimed:per_thread_data.obj
 0001:00002930       __vcrt_getptd              0000000180003930 f   libvcruntimed:per_thread_data.obj
 0001:00002960       __vcrt_getptd_noexit       0000000180003960 f   libvcruntimed:per_thread_data.obj
 0001:00002b00       __vcrt_initialize_ptd      0000000180003b00 f   libvcruntimed:per_thread_data.obj
 0001:00002b50       __vcrt_uninitialize_ptd    0000000180003b50 f   libvcruntimed:per_thread_data.obj
 0001:00002b80       __vcrt_initialize_locks    0000000180003b80 f   libvcruntimed:locks.obj
 0001:00002bf0       __vcrt_uninitialize_locks  0000000180003bf0 f   libvcruntimed:locks.obj
 0001:00002c60       _NLG_Notify                0000000180003c60 f   libvcruntimed:notify.obj
 0001:00002c80       __NLG_Dispatch2            0000000180003c80 f   libvcruntimed:notify.obj
 0001:00002c90       __NLG_Return2              0000000180003c90 f   libvcruntimed:notify.obj
 0001:00002ca0       __except_validate_context_record 0000000180003ca0 f   libvcruntimed:jbcxrval.obj
 0001:00002d00       _vsprintf_s_l              0000000180003d00 f i libvcruntimed:undname.obj
 0001:00002d70       sprintf_s                  0000000180003d70 f i libvcruntimed:undname.obj
 0001:00002dd0       ??$__crt_interlocked_exchange_pointer@UHINSTANCE__@@PEAX@@YAPEAUHINSTANCE__@@PEDSEAU0@QEAX@Z 0000000180003dd0 f i libvcruntimed:winapi_downlevel.obj
 0001:00002dd0       ??$__crt_interlocked_exchange_pointer@UHINSTANCE__@@PEAU1@@@YAPEAUHINSTANCE__@@PEDSEAU0@QEAU0@@Z 0000000180003dd0 f i libvcruntimed:winapi_downlevel.obj
 0001:00002dd0       ??$__crt_interlocked_exchange_pointer@XPEAX@@YAPEAXPEDSEAXQEAX@Z 0000000180003dd0 f i libvcruntimed:winapi_downlevel.obj
 0001:00002df0       ?get_invalid_value@__crt_findfile_traits@@SAPEAXXZ 0000000180003df0 f   libucrtd:argv_wildcards.obj
 0001:000032e0       __vcrt_FlsAlloc            00000001800042e0 f   libvcruntimed:winapi_downlevel.obj
 0001:00003330       __vcrt_FlsFree             0000000180004330 f   libvcruntimed:winapi_downlevel.obj
 0001:00003380       __vcrt_FlsGetValue         0000000180004380 f   libvcruntimed:winapi_downlevel.obj
 0001:000033d0       __vcrt_FlsSetValue         00000001800043d0 f   libvcruntimed:winapi_downlevel.obj
 0001:00003430       __vcrt_InitializeCriticalSectionEx 0000000180004430 f   libvcruntimed:winapi_downlevel.obj
 0001:000034b0       memcpy_repmovs             00000001800044b0 f   libvcruntimed:memcpy.obj
 0001:000034d0       memcpy                     00000001800044d0 f   libvcruntimed:memcpy.obj
 0001:000034d0       memmove                    00000001800044d0 f   libvcruntimed:memcpy.obj
 0001:000038b0       ??$?0AEAViterator@TryBlockMap@__FrameHandler3@@AEAV012@$0A@@?$pair@Viterator@TryBlockMap@__FrameHandler3@@V123@@std@@QEAA@AEAViterator@TryBlockMap@__FrameHandler3@@0@Z 00000001800048b0 f i libvcruntimed:risctrnsctrl.obj
 0001:000039c0       ??$_CallSETranslator@V__FrameHandler3@@@@YAHPEAUEHExceptionRecord@@PEA_KPEAU_CONTEXT@@PEAU_xDISPATCHER_CONTEXT@@PEBU_s_FuncInfo@@K1H@Z 00000001800049c0 f i libvcruntimed:risctrnsctrl.obj
 0001:00003a50       ?dangerous_get_state_array@?$dual_state_global@P6AXPEB_W00I_K@Z@__crt_state_management@@QEAAPEAP6AXPEB_W00I_K@ZXZ 0000000180004a50 f i libucrtd:invalid_parameter.obj
 0001:00003a50       ??$forward@AEAViterator@TryBlockMap@__FrameHandler3@@@std@@YAAEAViterator@TryBlockMap@__FrameHandler3@@AEAV123@@Z 0000000180004a50 f i libvcruntimed:risctrnsctrl.obj
 0001:00003a50       ?get_address_of@?$__crt_unique_heap_ptr@PEADU__crt_internal_free_policy@@@@QEAAPEAPEAPEADXZ 0000000180004a50 f i libucrtd:argv_parsing.obj
 0001:00003a50       ?debug_info@?$__crt_win32_buffer@_WU__crt_win32_buffer_internal_dynamic_resizing@@@@QEBAAEBV__crt_win32_buffer_empty_debug_info@@XZ 0000000180004a50 f i libucrtd:argv_wildcards.obj
 0001:00003a50       ?dangerous_get_state_array@?$dual_state_global@PEAE@__crt_state_management@@QEAAPEAPEAEXZ 0000000180004a50 f i libucrtd:mbctype.obj
 0001:00003a50       ?debug_info@?$__crt_win32_buffer@DU__crt_win32_buffer_no_resizing@@@@QEBAAEBV__crt_win32_buffer_empty_debug_info@@XZ 0000000180004a50 f i libucrtd:getmodulefilenamea.obj
 0001:00003a50       ?get_address_of@?$__crt_unique_handle_t@U__crt_hmodule_traits@@@@QEAAPEAPEAUHINSTANCE__@@XZ 0000000180004a50 f i libucrtd:exit.obj
 0001:00003a50       ?debug_info@?$__crt_win32_buffer@DU__crt_win32_buffer_internal_dynamic_resizing@@@@QEBAAEBV__crt_win32_buffer_empty_debug_info@@XZ 0000000180004a50 f i libucrtd:argv_wildcards.obj
 0001:00003a50       ?dangerous_get_state_array@?$dual_state_global@PEAU__crt_locale_data@@@__crt_state_management@@QEAAPEAPEAU__crt_locale_data@@XZ 0000000180004a50 f i libucrtd:per_thread_data.obj
 0001:00003a50       ?dangerous_get_state_array@?$dual_state_global@PEAU__crt_multibyte_data@@@__crt_state_management@@QEAAPEAPEAU__crt_multibyte_data@@XZ 0000000180004a50 f i libucrtd:mbctype.obj
 0001:00003a60       ??0iterator@HandlerMap@__FrameHandler3@@QEAA@AEAV12@I@Z 0000000180004a60 f i libvcruntimed:frame.obj
 0001:00003a60       ??0iterator@TryBlockMap@__FrameHandler3@@QEAA@AEAV12@I@Z 0000000180004a60 f i libvcruntimed:risctrnsctrl.obj
 0001:00003a90       ?CatchTryBlock@__FrameHandler3@@SAPEBU_s_TryBlockMapEntry@@PEBU_s_FuncInfo@@H@Z 0000000180004a90 f   libvcruntimed:risctrnsctrl.obj
 0001:00003b20       ?ExecutionInCatch@__FrameHandler3@@SA_NPEAU_xDISPATCHER_CONTEXT@@PEBU_s_FuncInfo@@@Z 0000000180004b20 f   libvcruntimed:risctrnsctrl.obj
 0001:00003b70       ?FrameUnwindToEmptyState@__FrameHandler3@@SAXPEA_KPEAU_xDISPATCHER_CONTEXT@@PEBU_s_FuncInfo@@@Z 0000000180004b70 f   libvcruntimed:risctrnsctrl.obj
 0001:00003c10       ?GetEstablisherFrame@__FrameHandler3@@SAPEA_KPEA_KPEAU_xDISPATCHER_CONTEXT@@PEBU_s_FuncInfo@@0@Z 0000000180004c10 f   libvcruntimed:risctrnsctrl.obj
 0001:00003d80       ?GetRangeOfTrysToCheck@__FrameHandler3@@SA?AU?$pair@Viterator@TryBlockMap@__FrameHandler3@@V123@@std@@AEAVTryBlockMap@1@HPEAU_xDISPATCHER_CONTEXT@@PEBU_s_FuncInfo@@H@Z 0000000180004d80 f   libvcruntimed:risctrnsctrl.obj
 0001:00003fc0       ?UnwindNestedFrames@__FrameHandler3@@SAXPEA_KPEAUEHExceptionRecord@@PEAU_CONTEXT@@0PEAXPEBU_s_FuncInfo@@HHPEBU_s_HandlerType@@PEAU_xDISPATCHER_CONTEXT@@E@Z 0000000180004fc0 f   libvcruntimed:risctrnsctrl.obj
 0001:00004130       _CreateFrameInfo           0000000180005130 f   libvcruntimed:risctrnsctrl.obj
 0001:000041a0       _FindAndUnlinkFrame        00000001800051a0 f   libvcruntimed:risctrnsctrl.obj
 0001:00004220       _GetImageBase              0000000180005220 f   libvcruntimed:risctrnsctrl.obj
 0001:00004240       _GetThrowImageBase         0000000180005240 f   libvcruntimed:risctrnsctrl.obj
 0001:00004260       _SetImageBase              0000000180005260 f   libvcruntimed:risctrnsctrl.obj
 0001:00004280       _SetThrowImageBase         0000000180005280 f   libvcruntimed:risctrnsctrl.obj
 0001:000042a0       __CxxFrameHandler3         00000001800052a0 f   libvcruntimed:risctrnsctrl.obj
 0001:00004380       ?GetCurrentState@__FrameHandler3@@SAHPEA_KPEAU_xDISPATCHER_CONTEXT@@PEBU_s_FuncInfo@@@Z 0000000180005380 f   libvcruntimed:ehstate.obj
 0001:000043e0       ?GetUnwindTryBlock@__FrameHandler3@@SAHPEA_KPEAU_xDISPATCHER_CONTEXT@@PEBU_s_FuncInfo@@@Z 00000001800053e0 f   libvcruntimed:ehstate.obj
 0001:00004430       ?SetState@__FrameHandler3@@SAXPEA_KPEBU_s_FuncInfo@@H@Z 0000000180005430 f   libvcruntimed:ehstate.obj
 0001:00004460       ?SetUnwindTryBlock@__FrameHandler3@@SAXPEA_KPEAU_xDISPATCHER_CONTEXT@@PEBU_s_FuncInfo@@H@Z 0000000180005460 f   libvcruntimed:ehstate.obj
 0001:000044d0       ?StateFromControlPc@__FrameHandler3@@SAHPEBU_s_FuncInfo@@PEAU_xDISPATCHER_CONTEXT@@@Z 00000001800054d0 f   libvcruntimed:ehstate.obj
 0001:00004510       ?StateFromIp@__FrameHandler3@@SAHPEBU_s_FuncInfo@@PEAU_xDISPATCHER_CONTEXT@@_K@Z 0000000180005510 f   libvcruntimed:ehstate.obj
 0001:00004600       ?__RVAtoRealOffset@@YA_KPEAU_xDISPATCHER_CONTEXT@@H@Z 0000000180005600 f i libvcruntimed:ehstate.obj
 0001:000057e0       ??$TypeMatchHelper@V__FrameHandler3@@@@YAHPEBU_s_HandlerType@@PEBU_s_CatchableType@@PEBU_s_ThrowInfo@@@Z 00000001800067e0 f i libvcruntimed:frame.obj
 0001:000059e0       ??$__InternalCxxFrameHandler@V__FrameHandler3@@@@YA?AW4_EXCEPTION_DISPOSITION@@PEAUEHExceptionRecord@@PEA_KPEAU_CONTEXT@@PEAU_xDISPATCHER_CONTEXT@@PEBU_s_FuncInfo@@H1E@Z 00000001800069e0 f i libvcruntimed:frame.obj
 0001:00005e50       ??0HandlerMap@__FrameHandler3@@QEAA@PEBU_s_TryBlockMapEntry@@_KI@Z 0000000180006e50 f i libvcruntimed:frame.obj
 0001:00005ea0       ??0TryBlockMap@__FrameHandler3@@QEAA@PEBU_s_FuncInfo@@_K@Z 0000000180006ea0 f i libvcruntimed:frame.obj
 0001:00005ed0       ??0bad_exception@std@@QEAA@AEBV01@@Z 0000000180006ed0 f i libvcruntimed:frame.obj
 0001:00005f10       ??0bad_exception@std@@QEAA@XZ 0000000180006f10 f i libvcruntimed:frame.obj
 0001:00005f50       ??0exception@std@@QEAA@AEBV01@@Z 0000000180006f50 f i libvcruntimed:frame.obj
 0001:00005fb0       ??0exception@std@@QEAA@QEBDH@Z 0000000180006fb0 f i libvcruntimed:frame.obj
 0001:00006000       ??1bad_exception@std@@UEAA@XZ 0000000180007000 f i libvcruntimed:frame.obj
 0001:00006020       ??1exception@std@@UEAA@XZ  0000000180007020 f i libvcruntimed:frame.obj
 0001:00006050       ??8iterator@HandlerMap@__FrameHandler3@@QEBA_NAEBV012@@Z 0000000180007050 f i libvcruntimed:frame.obj
 0001:00006090       ??8type_info@@QEBA_NAEBV0@@Z 0000000180007090 f i libvcruntimed:frame.obj
 0001:000060e0       ??9iterator@HandlerMap@__FrameHandler3@@QEBA_NAEBV012@@Z 00000001800070e0 f i libvcruntimed:frame.obj
 0001:00006120       ??Diterator@HandlerMap@__FrameHandler3@@QEAA?BU_s_HandlerType@@XZ 0000000180007120 f i libvcruntimed:frame.obj
 0001:00006160       ??Diterator@TryBlockMap@__FrameHandler3@@QEAA?BU_s_TryBlockMapEntry@@XZ 0000000180007160 f i libvcruntimed:frame.obj
 0001:000061b0       ??Eiterator@TryBlockMap@__FrameHandler3@@QEAAAEAV012@XZ 00000001800071b0 f i libvcruntimed:frame.obj
 0001:000061b0       ??Eiterator@HandlerMap@__FrameHandler3@@QEAAAEAV012@XZ 00000001800071b0 f i libvcruntimed:frame.obj
 0001:000061d0       ??Miterator@TryBlockMap@__FrameHandler3@@QEBA_NAEBV012@@Z 00000001800071d0 f i libvcruntimed:frame.obj
 0001:00006210       ??_Gbad_exception@std@@UEAAPEAXI@Z 0000000180007210 f i libvcruntimed:frame.obj
 0001:00006210       ??_Ebad_exception@std@@UEAAPEAXI@Z 0000000180007210 f i libvcruntimed:frame.obj
 0001:00006250       ??_Gexception@std@@UEAAPEAXI@Z 0000000180007250 f i libvcruntimed:frame.obj
 0001:00006250       ??_Eexception@std@@UEAAPEAXI@Z 0000000180007250 f i libvcruntimed:frame.obj
 0001:00006290       ?BuildCatchObject@__FrameHandler3@@SAXPEAUEHExceptionRecord@@PEAXPEBU_s_HandlerType@@PEBU_s_CatchableType@@@Z 0000000180007290 f   libvcruntimed:frame.obj
 0001:000062d0       ?CxxCallCatchBlock@__FrameHandler3@@SAPEAXPEAU_EXCEPTION_RECORD@@@Z 00000001800072d0 f   libvcruntimed:frame.obj
 0001:00006630       ?FrameUnwindToState@__FrameHandler3@@SAXPEA_KPEAU_xDISPATCHER_CONTEXT@@PEBU_s_FuncInfo@@H@Z 0000000180007630 f   libvcruntimed:frame.obj
 0001:00006880       ?GetHandlerSearchState@__FrameHandler3@@SAHPEA_KPEAU_xDISPATCHER_CONTEXT@@PEBU_s_FuncInfo@@@Z 0000000180007880 f i libvcruntimed:frame.obj
 0001:00006930       ?GetMaxState@__FrameHandler3@@SAHPEAU_xDISPATCHER_CONTEXT@@PEBU_s_FuncInfo@@@Z 0000000180007930 f i libvcruntimed:frame.obj
 0001:00006b30       __TypeMatch                0000000180007b30 f   libvcruntimed:frame.obj
 0001:00006b30       ?TypeMatch@__FrameHandler3@@SAHPEBU_s_HandlerType@@PEBU_s_CatchableType@@PEBU_s_ThrowInfo@@@Z 0000000180007b30 f   libvcruntimed:frame.obj
 0001:00006b60       ?_CallMemberFunction1@@YAXQEAX00@Z 0000000180007b60 f i libvcruntimed:frame.obj
 0001:00006ba0       ?_CallMemberFunction2@@YAXQEAX00H@Z 0000000180007ba0 f i libvcruntimed:frame.obj
 0001:00006c30       ?begin@HandlerMap@__FrameHandler3@@QEAA?AViterator@12@XZ 0000000180007c30 f i libvcruntimed:frame.obj
 0001:00006c60       ?end@HandlerMap@__FrameHandler3@@QEAA?AViterator@12@XZ 0000000180007c60 f i libvcruntimed:frame.obj
 0001:00006c90       ?getESTypes@__FrameHandler3@@SAPEBU_s_ESTypeList@@PEBU_s_FuncInfo@@@Z 0000000180007c90 f i libvcruntimed:frame.obj
 0001:00006cd0       ?getLastEntry@HandlerMap@__FrameHandler3@@QEAAPEBU_s_HandlerType@@XZ 0000000180007cd0 f i libvcruntimed:frame.obj
 0001:00006cf0       ?getMagicNum@__FrameHandler3@@SAIPEBU_s_FuncInfo@@@Z 0000000180007cf0 f i libvcruntimed:frame.obj
 0001:00006d10       ?getNumTryBlocks@TryBlockMap@__FrameHandler3@@QEAAIXZ 0000000180007d10 f i libvcruntimed:frame.obj
 0001:00006d30       ?isEHs@__FrameHandler3@@SA_NPEBU_s_FuncInfo@@@Z 0000000180007d30 f i libvcruntimed:frame.obj
 0001:00006d70       ?isNoExcept@__FrameHandler3@@SA_NPEBU_s_FuncInfo@@@Z 0000000180007d70 f i libvcruntimed:frame.obj
 0001:00006db0       ?what@exception@std@@UEBAPEBDXZ 0000000180007db0 f i libvcruntimed:frame.obj
 0001:00006df0       __vcrt_EncodePointer       0000000180007df0 f i libvcruntimed:frame.obj
 0001:00006e20       memset_repmovs             0000000180007e20 f   libvcruntimed:memset.obj
 0001:00006e40       memset                     0000000180007e40 f   libvcruntimed:memset.obj
 0001:00006fe0       _CallSettingFrame          0000000180007fe0 f   libvcruntimed:handlers.obj
 0001:00007030       _CallSettingFrame_LookupContinuationIndex 0000000180008030 f   libvcruntimed:handlers.obj
 0001:00007060       _CallSettingFrame_NotifyContinuationAddr 0000000180008060 f   libvcruntimed:handlers.obj
 0001:00007090       _CallSettingFrameEncoded   0000000180008090 f   libvcruntimed:handlers.obj
 0001:000070e0       ??$?RD@__crt_public_free_policy@@QEBAXQEBD@Z 00000001800080e0 f i libvcruntimed:std_exception.obj
 0001:00007100       ??1?$__crt_unique_heap_ptr@DU__crt_public_free_policy@@@@QEAA@XZ 0000000180008100 f i libvcruntimed:std_exception.obj
 0001:00007120       ?release@?$__crt_unique_heap_ptr@DU__crt_public_free_policy@@@@QEAAXXZ 0000000180008120 f i libvcruntimed:std_exception.obj
 0001:00007150       __std_exception_copy       0000000180008150 f   libvcruntimed:std_exception.obj
 0001:00007290       __std_exception_destroy    0000000180008290 f   libvcruntimed:std_exception.obj
 0001:000072d0       _CxxThrowException         00000001800082d0 f   libvcruntimed:throw.obj
 0001:00007470       _seh_filter_dll            0000000180008470 f   libucrtd:exception_filter.obj
 0001:000074a0       _seh_filter_exe            00000001800084a0 f   libucrtd:exception_filter.obj
 0001:00007740       ??$?B$$A6AXPEAXK0@Z@__crt_fast_encoded_nullptr_t@@QEBAP6AXPEAXK0@ZXZ 0000000180008740 f i libucrtd:exit.obj
 0001:00007740       ??$?B$$A6AXH@Z@__crt_fast_encoded_nullptr_t@@QEBAP6AXH@ZXZ 0000000180008740 f i libucrtd:signal.obj
 0001:00007740       ??$?BX@__crt_fast_encoded_nullptr_t@@QEBAPEAXXZ 0000000180008740 f i libucrtd:initialization.obj
 0001:00007740       ??$?B$$A6AXXZ@__crt_fast_encoded_nullptr_t@@QEBAP6AXXZXZ 0000000180008740 f i libucrtd:onexit.obj
 0001:00007740       ??$?BP6AXXZ@__crt_fast_encoded_nullptr_t@@QEBAPEAP6AXXZXZ 0000000180008740 f i libucrtd:onexit.obj
 0001:000077f0       ??$__crt_fast_decode_pointer@P6AXPEAXK0@Z@@YAP6AXPEAXK0@ZQ6AX0K0@Z@Z 00000001800087f0 f i libucrtd:exit.obj
 0001:000077f0       ??$__crt_fast_decode_pointer@P6AH_K@Z@@YAP6AH_K@ZQ6AH0@Z@Z 00000001800087f0 f i libucrtd:new_handler.obj
 0001:000077f0       ??$__crt_fast_decode_pointer@P6AHPEAU_exception@@@Z@@YAP6AHPEAU_exception@@@ZQ6AH0@Z@Z 00000001800087f0 f i libucrtd:matherr.obj
 0001:000077f0       ??$__crt_fast_decode_pointer@P6AXH@Z@@YAP6AXH@ZQ6AXH@Z@Z 00000001800087f0 f i libucrtd:signal.obj
 0001:000077f0       ??$__crt_fast_decode_pointer@P6AXPEB_W00I_K@Z@@YAP6AXPEB_W00I_K@ZQ6AX000I1@Z@Z 00000001800087f0 f i libucrtd:invalid_parameter.obj
 0001:000077f0       ??$__crt_fast_decode_pointer@PEAX@@YAPEAXQEAX@Z 00000001800087f0 f i libucrtd:winapi_thunks.obj
 0001:000077f0       ??$__crt_fast_decode_pointer@PEAP6AXXZ@@YAPEAP6AXXZQEAP6AXXZ@Z 00000001800087f0 f i libucrtd:onexit.obj
 0001:000077f0       ??$__crt_fast_decode_pointer@P6AXXZ@@YAP6AXXZQ6AXXZ@Z 00000001800087f0 f i libucrtd:onexit.obj
 0001:00007830       ??$__crt_fast_encode_pointer@P6AXH@Z@@YAP6AXH@ZQ6AXH@Z@Z 0000000180008830 f i libucrtd:signal.obj
 0001:00007830       ??$__crt_fast_encode_pointer@P6AHXZ@@YAP6AHXZQ6AHXZ@Z 0000000180008830 f i libucrtd:onexit.obj
 0001:00007830       ??$__crt_fast_encode_pointer@PEAP6AXXZ@@YAPEAP6AXXZQEAP6AXXZ@Z 0000000180008830 f i libucrtd:onexit.obj
 0001:00007830       ??$__crt_fast_encode_pointer@P6AXPEAXK0@Z@@YAP6AXPEAXK0@ZQ6AX0K0@Z@Z 0000000180008830 f i libucrtd:exit.obj
 0001:00007830       ??$__crt_fast_encode_pointer@P6AXXZ@@YAP6AXXZQ6AXXZ@Z 0000000180008830 f i libucrtd:onexit.obj
 0001:00007830       ??$__crt_fast_encode_pointer@PEAX@@YAPEAXQEAX@Z 0000000180008830 f i libucrtd:initialization.obj
 0001:00007870       ??$__crt_get_proc_address@P6AXI@Z@@YAP6AXI@ZQEAUHINSTANCE__@@QEBD@Z 0000000180008870 f i libucrtd:exit.obj
 0001:000078a0       ??$__crt_interlocked_read@J@@YAJPEDJ@Z 00000001800088a0 f i libucrtd:exit.obj
 0001:00007930       ??1?$__crt_unique_handle_t@U__crt_hmodule_traits@@@@QEAA@XZ 0000000180008930 f i libucrtd:exit.obj
 0001:00007a90       ?__acrt_select_exit_lock@@YA?AW4__acrt_lock_id@@XZ 0000000180008a90 f i libucrtd:exit.obj
 0001:00007aa0       ?__crt_fast_encode_pointer@@YA?AU__crt_fast_encoded_nullptr_t@@$$T@Z 0000000180008aa0 f i libucrtd:exit.obj
 0001:00007ac0       ?__crt_interlocked_read_32@@YAHPEDH@Z 0000000180008ac0 f i libucrtd:exit.obj
 0001:00007ae0       ?__crt_rotate_pointer_value@@YA_K_KH@Z 0000000180008ae0 f i libucrtd:exit.obj
 0001:00007b20       ?close@?$__crt_unique_handle_t@U__crt_hmodule_traits@@@@QEAAXXZ 0000000180008b20 f i libucrtd:exit.obj
 0001:00007b60       ?close@__crt_hmodule_traits@@SA_NPEAUHINSTANCE__@@@Z 0000000180008b60 f i libucrtd:exit.obj
 0001:00007c70       ?get_invalid_value@__crt_hmodule_traits@@SAPEAUHINSTANCE__@@XZ 0000000180008c70 f i libucrtd:exit.obj
 0001:00007c70       ?get_current_state_index@__crt_state_management@@YA_KXZ 0000000180008c70 f i libucrtd:environment_initialization.obj
 0001:00007e30       __acrt_initialize_thread_local_exit_callback 0000000180008e30 f   libucrtd:exit.obj
 0001:00007e50       _cexit                     0000000180008e50 f   libucrtd:exit.obj
 0001:00007e70       _exit                      0000000180008e70 f   libucrtd:exit.obj
 0001:00007e90       _is_c_termination_complete 0000000180008e90 f   libucrtd:exit.obj
 0001:00008240       ??$get_module_file_name@$$TAEAY0BAF@DH@?$__crt_char_traits@D@@SAK$$QEA$$TAEAY0BAF@D$$QEAH@Z 0000000180009240 f i libucrtd:argv_parsing.obj
 0001:00008240       ??$get_module_file_name@AEAPEAUHINSTANCE__@@AEAY0BAF@DK@?$__crt_char_traits@D@@SAKAEAPEAUHINSTANCE__@@AEAY0BAF@D$$QEAK@Z 0000000180009240 f i libucrtd:dbgrpt.obj
 0001:00008710       ??$set_program_name@PEAD@?$__crt_char_traits@D@@SAX$$QEAPEAD@Z 0000000180009710 f i libucrtd:argv_parsing.obj
 0001:00008840       __acrt_allocate_buffer_for_argv 0000000180009840 f   libucrtd:argv_parsing.obj
 0001:00008960       _configure_narrow_argv     0000000180009960 f   libucrtd:argv_parsing.obj
 0001:00008980       _set_pgmptr                0000000180009980 f i libucrtd:argv_parsing.obj
 0001:00008bb0       ??$tcslen@AEAPEAD@?$__crt_char_traits@D@@SA_KAEAPEAD@Z 0000000180009bb0 f i libucrtd:environment_initialization.obj
 0001:00008bfc       ??B?$__crt_unique_heap_ptr@PEADU__crt_internal_free_policy@@@@QEBA_NXZ 0000000180009bfc f i libucrtd:environment_initialization.obj
 0001:00008c04       ?detach@?$__crt_unique_heap_ptr@DU__crt_internal_free_policy@@@@QEAAPEADXZ 0000000180009c04 f i libucrtd:environment_initialization.obj
 0001:00008c0c       __dcrt_uninitialize_environments_nolock 0000000180009c0c f   libucrtd:environment_initialization.obj
 0001:00008c44       _initialize_narrow_environment 0000000180009c44 f   libucrtd:environment_initialization.obj
 0001:00008c4c       _invoke_watson_if_error    0000000180009c4c f i libucrtd:environment_initialization.obj
 0001:00009300       _crt_atexit                000000018000a300 f   libucrtd:onexit.obj
 0001:00009320       _execute_onexit_table      000000018000a320 f   libucrtd:onexit.obj
 0001:00009360       _initialize_onexit_table   000000018000a360 f   libucrtd:onexit.obj
 0001:000093e0       _register_onexit_function  000000018000a3e0 f   libucrtd:onexit.obj
 0001:00009470       __acrt_uninitialize_command_line 000000018000a470 f   libucrtd:argv_data.obj
 0001:000096e0       ?initialize@?$dual_state_global@P6AHPEAU_exception@@@Z@__crt_state_management@@QEAAXQ6AHPEAU_exception@@@Z@Z 000000018000a6e0 f i libucrtd:matherr.obj
 0001:000096e0       ?initialize@?$dual_state_global@PEAU__crt_locale_data@@@__crt_state_management@@QEAAXQEAU__crt_locale_data@@@Z 000000018000a6e0 f i libucrtd:initialization.obj
 0001:000096e0       ?initialize@?$dual_state_global@P6AXH@Z@__crt_state_management@@QEAAXQ6AXH@Z@Z 000000018000a6e0 f i libucrtd:signal.obj
 0001:000096e0       ?initialize@?$dual_state_global@PEAU__crt_multibyte_data@@@__crt_state_management@@QEAAXQEAU__crt_multibyte_data@@@Z 000000018000a6e0 f i libucrtd:mbctype.obj
 0001:000096e0       ?initialize@?$dual_state_global@P6AH_K@Z@__crt_state_management@@QEAAXQ6AH_K@Z@Z 000000018000a6e0 f i libucrtd:new_handler.obj
 0001:00009730       __acrt_initialize          000000018000a730 f   libucrtd:initialization.obj
 0001:00009760       __acrt_thread_attach       000000018000a760 f   libucrtd:initialization.obj
 0001:00009780       __acrt_thread_detach       000000018000a780 f   libucrtd:initialization.obj
 0001:00009790       __acrt_uninitialize        000000018000a790 f   libucrtd:initialization.obj
 0001:000097c0       __acrt_uninitialize_critical 000000018000a7c0 f   libucrtd:initialization.obj
 0001:000097e0       _initterm                  000000018000a7e0 f   libucrtd:initterm.obj
 0001:00009840       _initterm_e                000000018000a840 f   libucrtd:initterm.obj
 0001:000098c0       terminate                  000000018000a8c0 f   libucrtd:terminate.obj
 0001:00009900       abort                      000000018000a900 f   libucrtd:abort.obj
 0001:00009990       strcmp                     000000018000a990 f   libucrtd:strcmp.obj
 0001:00009a00       ??0_LocaleUpdate@@QEAA@QEAU__crt_locale_pointers@@@Z 000000018000aa00 f i libucrtd:debug_heap.obj
 0001:00009b20       ??1_LocaleUpdate@@QEAA@XZ  000000018000ab20 f i libucrtd:debug_heap.obj
 0001:00009b60       ?GetLocaleT@_LocaleUpdate@@QEAAPEAU__crt_locale_pointers@@XZ 000000018000ab60 f i libucrtd:debug_heap.obj
 0001:0000bb40       _CrtCheckMemory            000000018000cb40 f   libucrtd:debug_heap.obj
 0001:0000bcd0       _CrtDumpMemoryLeaks        000000018000ccd0 f   libucrtd:debug_heap.obj
 0001:0000bd90       _CrtIsValidHeapPointer     000000018000cd90 f   libucrtd:debug_heap.obj
 0001:0000bdd0       _CrtIsValidPointer         000000018000cdd0 f   libucrtd:debug_heap.obj
 0001:0000be10       _CrtMemCheckpoint          000000018000ce10 f   libucrtd:debug_heap.obj
 0001:0000c090       _CrtMemDumpAllObjectsSince 000000018000d090 f   libucrtd:debug_heap.obj
 0001:0000c0f0       _CrtSetDbgFlag             000000018000d0f0 f   libucrtd:debug_heap.obj
 0001:0000c250       _CrtSetDumpClient          000000018000d250 f   libucrtd:debug_heap.obj
 0001:0000c280       __acrt_get_locale_data_prefix 000000018000d280 f i libucrtd:debug_heap.obj
 0001:0000c2a0       __acrt_locale_changed      000000018000d2a0 f i libucrtd:debug_heap.obj
 0001:0000c2d0       _calloc_dbg                000000018000d2d0 f   libucrtd:debug_heap.obj
 0001:0000c370       _chvalidchk_l              000000018000d370 f i libucrtd:debug_heap.obj
 0001:0000c3a0       _free_dbg                  000000018000d3a0 f   libucrtd:debug_heap.obj
 0001:0000c410       _invoke_watson_if_oneof    000000018000d410 f i libucrtd:debug_heap.obj
 0001:0000c470       _ischartype_l              000000018000d470 f i libucrtd:debug_heap.obj
 0001:0000c500       _malloc_dbg                000000018000d500 f   libucrtd:debug_heap.obj
 0001:0000c540       _msize_dbg                 000000018000d540 f   libucrtd:debug_heap.obj
 0001:0000c6e0       _realloc_dbg               000000018000d6e0 f   libucrtd:debug_heap.obj
 0001:0000c750       _recalloc_dbg              000000018000d750 f   libucrtd:debug_heap.obj
 0001:0000cd20       strcpy_s                   000000018000dd20 f   libucrtd:strcpy_s.obj
 0001:0000cd60       strlen                     000000018000dd60 f   libucrtd:strlen.obj
 0001:0000ce10       ??$?0AEBV?$string_output_adapter@D@__crt_stdio_output@@AEB_KAEBQEBDAEBQEAU__crt_locale_pointers@@AEBQEAD@?$format_validation_base@DV?$string_output_adapter@D@__crt_stdio_output@@@__crt_stdio_output@@IEAA@AEBV?$string_output_adapter@D@1@AEB_KAEBQEBDAEBQEAU__crt_locale_pointers@@AEBQEAD@Z 000000018000de10 f i libucrtd:output.obj
 0001:0000ce60       ??$?0AEBV?$string_output_adapter@D@__crt_stdio_output@@AEB_KAEBQEBDAEBQEAU__crt_locale_pointers@@AEBQEAD@?$standard_base@DV?$string_output_adapter@D@__crt_stdio_output@@@__crt_stdio_output@@IEAA@AEBV?$string_output_adapter@D@1@AEB_KAEBQEBDAEBQEAU__crt_locale_pointers@@AEBQEAD@Z 000000018000de60 f i libucrtd:output.obj
 0001:0000ced0       ??$?0AEBV?$string_output_adapter@_W@__crt_stdio_output@@AEB_KAEBQEB_WAEBQEAU__crt_locale_pointers@@AEBQEAD@?$format_validation_base@_WV?$string_output_adapter@_W@__crt_stdio_output@@@__crt_stdio_output@@IEAA@AEBV?$string_output_adapter@_W@1@AEB_KAEBQEB_WAEBQEAU__crt_locale_pointers@@AEBQEAD@Z 000000018000ded0 f i libucrtd:output.obj
 0001:0000cf20       ??$?0AEBV?$string_output_adapter@_W@__crt_stdio_output@@AEB_KAEBQEB_WAEBQEAU__crt_locale_pointers@@AEBQEAD@?$standard_base@_WV?$string_output_adapter@_W@__crt_stdio_output@@@__crt_stdio_output@@IEAA@AEBV?$string_output_adapter@_W@1@AEB_KAEBQEB_WAEBQEAU__crt_locale_pointers@@AEBQEAD@Z 000000018000df20 f i libucrtd:output.obj
 0001:0000e8a0       ??$count@D@formatting_buffer@__crt_stdio_output@@QEBA_KXZ 000000018000f8a0 f i libucrtd:output.obj
 0001:0000e8f0       ??$count@_W@formatting_buffer@__crt_stdio_output@@QEBA_KXZ 000000018000f8f0 f i libucrtd:output.obj
 0001:0000e940       ??$data@D@formatting_buffer@__crt_stdio_output@@QEAAPEADXZ 000000018000f940 f i libucrtd:output.obj
 0001:0000e940       ??$data@_W@formatting_buffer@__crt_stdio_output@@QEAAPEA_WXZ 000000018000f940 f i libucrtd:output.obj
 0001:0000e990       ??$ensure_buffer_is_big_enough@D@formatting_buffer@__crt_stdio_output@@QEAA_N_K@Z 000000018000f990 f i libucrtd:output.obj
 0001:0000eac0       ??$ensure_buffer_is_big_enough@_W@formatting_buffer@__crt_stdio_output@@QEAA_N_K@Z 000000018000fac0 f i libucrtd:output.obj
 0001:0000ebf0       ??$extract_argument_from_va_list@C_J@?$standard_base@DV?$string_output_adapter@D@__crt_stdio_output@@@__crt_stdio_output@@IEAA_NAEA_J@Z 000000018000fbf0 f i libucrtd:output.obj
 0001:0000ebf0       ??$extract_argument_from_va_list@C_J@?$standard_base@_WV?$string_output_adapter@_W@__crt_stdio_output@@@__crt_stdio_output@@IEAA_NAEA_J@Z 000000018000fbf0 f i libucrtd:output.obj
 0001:0000ec30       ??$extract_argument_from_va_list@E_J@?$standard_base@_WV?$string_output_adapter@_W@__crt_stdio_output@@@__crt_stdio_output@@IEAA_NAEA_J@Z 000000018000fc30 f i libucrtd:output.obj
 0001:0000ec30       ??$extract_argument_from_va_list@E_J@?$standard_base@DV?$string_output_adapter@D@__crt_stdio_output@@@__crt_stdio_output@@IEAA_NAEA_J@Z 000000018000fc30 f i libucrtd:output.obj
 0001:0000ec70       ??$extract_argument_from_va_list@F_J@?$standard_base@_WV?$string_output_adapter@_W@__crt_stdio_output@@@__crt_stdio_output@@IEAA_NAEA_J@Z 000000018000fc70 f i libucrtd:output.obj
 0001:0000ec70       ??$extract_argument_from_va_list@F_J@?$standard_base@DV?$string_output_adapter@D@__crt_stdio_output@@@__crt_stdio_output@@IEAA_NAEA_J@Z 000000018000fc70 f i libucrtd:output.obj
 0001:0000ecb0       ??$extract_argument_from_va_list@GD@?$standard_base@DV?$string_output_adapter@D@__crt_stdio_output@@@__crt_stdio_output@@IEAA_NAEAD@Z 000000018000fcb0 f i libucrtd:output.obj
 0001:0000ece0       ??$extract_argument_from_va_list@G_J@?$standard_base@_WV?$string_output_adapter@_W@__crt_stdio_output@@@__crt_stdio_output@@IEAA_NAEA_J@Z 000000018000fce0 f i libucrtd:output.obj
 0001:0000ece0       ??$extract_argument_from_va_list@G_J@?$standard_base@DV?$string_output_adapter@D@__crt_stdio_output@@@__crt_stdio_output@@IEAA_NAEA_J@Z 000000018000fce0 f i libucrtd:output.obj
 0001:0000ed20       ??$extract_argument_from_va_list@H_J@?$standard_base@DV?$string_output_adapter@D@__crt_stdio_output@@@__crt_stdio_output@@IEAA_NAEA_J@Z 000000018000fd20 f i libucrtd:output.obj
 0001:0000ed20       ??$extract_argument_from_va_list@H_J@?$standard_base@_WV?$string_output_adapter@_W@__crt_stdio_output@@@__crt_stdio_output@@IEAA_NAEA_J@Z 000000018000fd20 f i libucrtd:output.obj
 0001:0000ed50       ??$extract_argument_from_va_list@I_J@?$standard_base@_WV?$string_output_adapter@_W@__crt_stdio_output@@@__crt_stdio_output@@IEAA_NAEA_J@Z 000000018000fd50 f i libucrtd:output.obj
 0001:0000ed50       ??$extract_argument_from_va_list@I_J@?$standard_base@DV?$string_output_adapter@D@__crt_stdio_output@@@__crt_stdio_output@@IEAA_NAEA_J@Z 000000018000fd50 f i libucrtd:output.obj
 0001:0000ed80       ??$extract_argument_from_va_list@PEADPEAD@?$standard_base@_WV?$string_output_adapter@_W@__crt_stdio_output@@@__crt_stdio_output@@IEAA_NAEAPEAD@Z 000000018000fd80 f i libucrtd:output.obj
 0001:0000ed80       ??$extract_argument_from_va_list@_J_J@?$standard_base@DV?$string_output_adapter@D@__crt_stdio_output@@@__crt_stdio_output@@IEAA_NAEA_J@Z 000000018000fd80 f i libucrtd:output.obj
 0001:0000ed80       ??$extract_argument_from_va_list@_J_J@?$standard_base@_WV?$string_output_adapter@_W@__crt_stdio_output@@@__crt_stdio_output@@IEAA_NAEA_J@Z 000000018000fd80 f i libucrtd:output.obj
 0001:0000ed80       ??$extract_argument_from_va_list@PEAXPEAX@?$standard_base@DV?$string_output_adapter@D@__crt_stdio_output@@@__crt_stdio_output@@IEAA_NAEAPEAX@Z 000000018000fd80 f i libucrtd:output.obj
 0001:0000ed80       ??$extract_argument_from_va_list@PEADPEAD@?$standard_base@DV?$string_output_adapter@D@__crt_stdio_output@@@__crt_stdio_output@@IEAA_NAEAPEAD@Z 000000018000fd80 f i libucrtd:output.obj
 0001:0000ed80       ??$extract_argument_from_va_list@PEAXPEAX@?$standard_base@_WV?$string_output_adapter@_W@__crt_stdio_output@@@__crt_stdio_output@@IEAA_NAEAPEAX@Z 000000018000fd80 f i libucrtd:output.obj
 0001:0000ed80       ??$extract_argument_from_va_list@_K_J@?$standard_base@DV?$string_output_adapter@D@__crt_stdio_output@@@__crt_stdio_output@@IEAA_NAEA_J@Z 000000018000fd80 f i libucrtd:output.obj
 0001:0000ed80       ??$extract_argument_from_va_list@_K_J@?$standard_base@_WV?$string_output_adapter@_W@__crt_stdio_output@@@__crt_stdio_output@@IEAA_NAEA_J@Z 000000018000fd80 f i libucrtd:output.obj
 0001:0000ede0       ??$extract_argument_from_va_list@U_CRT_DOUBLE@@U1@@?$standard_base@_WV?$string_output_adapter@_W@__crt_stdio_output@@@__crt_stdio_output@@IEAA_NAEAU_CRT_DOUBLE@@@Z 000000018000fde0 f i libucrtd:output.obj
 0001:0000ede0       ??$extract_argument_from_va_list@U_CRT_DOUBLE@@U1@@?$standard_base@DV?$string_output_adapter@D@__crt_stdio_output@@@__crt_stdio_output@@IEAA_NAEAU_CRT_DOUBLE@@@Z 000000018000fde0 f i libucrtd:output.obj
 0001:0000ee30       ??$extract_argument_from_va_list@_W_W@?$standard_base@_WV?$string_output_adapter@_W@__crt_stdio_output@@@__crt_stdio_output@@IEAA_NAEA_W@Z 000000018000fe30 f i libucrtd:output.obj
 0001:0000ee30       ??$extract_argument_from_va_list@_W_W@?$standard_base@DV?$string_output_adapter@D@__crt_stdio_output@@@__crt_stdio_output@@IEAA_NAEA_W@Z 000000018000fe30 f i libucrtd:output.obj
 0001:0000ee60       ??$is_wide_character_specifier@D@__crt_stdio_output@@YA_N_KDW4length_modifier@0@@Z 000000018000fe60 f i libucrtd:output.obj
 0001:0000ef00       ??$is_wide_character_specifier@_W@__crt_stdio_output@@YA_N_K_WW4length_modifier@0@@Z 000000018000ff00 f i libucrtd:output.obj
 0001:0000efd0       ??$read_va_arg@E@__crt_stdio_output@@YAEAEAPEAD@Z 000000018000ffd0 f i libucrtd:output.obj
 0001:0000efd0       ??$read_va_arg@C@__crt_stdio_output@@YACAEAPEAD@Z 000000018000ffd0 f i libucrtd:output.obj
 0001:0000f040       ??$read_va_arg@G@__crt_stdio_output@@YAGAEAPEAD@Z 0000000180010040 f i libucrtd:output.obj
 0001:0000f040       ??$read_va_arg@F@__crt_stdio_output@@YAFAEAPEAD@Z 0000000180010040 f i libucrtd:output.obj
 0001:0000f040       ??$read_va_arg@_W@__crt_stdio_output@@YA_WAEAPEAD@Z 0000000180010040 f i libucrtd:output.obj
 0001:0000f0b0       ??$read_va_arg@I@__crt_stdio_output@@YAIAEAPEAD@Z 00000001800100b0 f i libucrtd:output.obj
 0001:0000f0b0       ??$read_va_arg@H@__crt_stdio_output@@YAHAEAPEAD@Z 00000001800100b0 f i libucrtd:output.obj
 0001:0000f110       ??$read_va_arg@_J@__crt_stdio_output@@YA_JAEAPEAD@Z 0000000180010110 f i libucrtd:output.obj
 0001:0000f110       ??$read_va_arg@_K@__crt_stdio_output@@YA_KAEAPEAD@Z 0000000180010110 f i libucrtd:output.obj
 0001:0000f110       ??$read_va_arg@PEAX@__crt_stdio_output@@YAPEAXAEAPEAD@Z 0000000180010110 f i libucrtd:output.obj
 0001:0000f110       ??$read_va_arg@U_CRT_DOUBLE@@@__crt_stdio_output@@YA?AU_CRT_DOUBLE@@AEAPEAD@Z 0000000180010110 f i libucrtd:output.obj
 0001:0000f110       ??$read_va_arg@PEAD@__crt_stdio_output@@YAPEADAEAPEAD@Z 0000000180010110 f i libucrtd:output.obj
 0001:0000f1f0       ??$scratch_count@D@formatting_buffer@__crt_stdio_output@@QEBA_KXZ 00000001800101f0 f i libucrtd:output.obj
 0001:0000f210       ??$scratch_data@D@formatting_buffer@__crt_stdio_output@@QEAAPEADXZ 0000000180010210 f i libucrtd:output.obj
 0001:0000f280       ??$tcstol@PEBDPEAPEADH@?$__crt_char_traits@D@@SAJ$$QEAPEBD$$QEAPEAPEAD$$QEAH@Z 0000000180010280 f i libucrtd:output.obj
 0001:0000f2c0       ??$tcstol@PEB_WPEAPEA_WH@?$__crt_char_traits@_W@@SAJ$$QEAPEB_W$$QEAPEAPEA_W$$QEAH@Z 00000001800102c0 f i libucrtd:output.obj
 0001:0000f300       ??$type_case_integer_parse_into_buffer@I@?$output_processor@DV?$string_output_adapter@D@__crt_stdio_output@@V?$format_validation_base@DV?$string_output_adapter@D@__crt_stdio_output@@@2@@__crt_stdio_output@@AEAAXII_N@Z 0000000180010300 f i libucrtd:output.obj
 0001:0000f430       ??$type_case_integer_parse_into_buffer@I@?$output_processor@_WV?$string_output_adapter@_W@__crt_stdio_output@@V?$format_validation_base@_WV?$string_output_adapter@_W@__crt_stdio_output@@@2@@__crt_stdio_output@@AEAAXII_N@Z 0000000180010430 f i libucrtd:output.obj
 0001:0000f570       ??$type_case_integer_parse_into_buffer@_K@?$output_processor@DV?$string_output_adapter@D@__crt_stdio_output@@V?$format_validation_base@DV?$string_output_adapter@D@__crt_stdio_output@@@2@@__crt_stdio_output@@AEAAX_KI_N@Z 0000000180010570 f i libucrtd:output.obj
 0001:0000f6c0       ??$type_case_integer_parse_into_buffer@_K@?$output_processor@_WV?$string_output_adapter@_W@__crt_stdio_output@@V?$format_validation_base@_WV?$string_output_adapter@_W@__crt_stdio_output@@@2@@__crt_stdio_output@@AEAAX_KI_N@Z 00000001800106c0 f i libucrtd:output.obj
 0001:0000f820       ??$write_multiple_characters@V?$string_output_adapter@D@__crt_stdio_output@@D@__crt_stdio_output@@YAXAEBV?$string_output_adapter@D@0@DHQEAH@Z 0000000180010820 f i libucrtd:output.obj
 0001:0000f880       ??$write_multiple_characters@V?$string_output_adapter@_W@__crt_stdio_output@@D@__crt_stdio_output@@YAXAEBV?$string_output_adapter@_W@0@DHQEAH@Z 0000000180010880 f i libucrtd:output.obj
 0001:0000f8e0       ??0?$common_data@D@__crt_stdio_output@@IEAA@XZ 00000001800108e0 f i libucrtd:output.obj
 0001:0000f9b0       ??0?$common_data@_W@__crt_stdio_output@@IEAA@XZ 00000001800109b0 f i libucrtd:output.obj
 0001:0000fa80       ??0?$output_adapter_data@DV?$string_output_adapter@D@__crt_stdio_output@@@__crt_stdio_output@@IEAA@AEBV?$string_output_adapter@D@1@_KQEBDQEAU__crt_locale_pointers@@QEAD@Z 0000000180010a80 f i libucrtd:output.obj
 0001:0000fb00       ??0?$output_adapter_data@_WV?$string_output_adapter@_W@__crt_stdio_output@@@__crt_stdio_output@@IEAA@AEBV?$string_output_adapter@_W@1@_KQEB_WQEAU__crt_locale_pointers@@QEAD@Z 0000000180010b00 f i libucrtd:output.obj
 0001:0000fb80       ??0?$output_processor@DV?$string_output_adapter@D@__crt_stdio_output@@V?$format_validation_base@DV?$string_output_adapter@D@__crt_stdio_output@@@2@@__crt_stdio_output@@QEAA@AEBV?$string_output_adapter@D@1@_KQEBDQEAU__crt_locale_pointers@@QEAD@Z 0000000180010b80 f i libucrtd:output.obj
 0001:0000fbd0       ??0?$output_processor@_WV?$string_output_adapter@_W@__crt_stdio_output@@V?$format_validation_base@_WV?$string_output_adapter@_W@__crt_stdio_output@@@2@@__crt_stdio_output@@QEAA@AEBV?$string_output_adapter@_W@1@_KQEB_WQEAU__crt_locale_pointers@@QEAD@Z 0000000180010bd0 f i libucrtd:output.obj
 0001:0000fc20       ??0__crt_deferred_errno_cache@@QEAA@XZ 0000000180010c20 f i libucrtd:output.obj
 0001:0000fc40       ??0__crt_errno_guard@@QEAA@QEAH@Z 0000000180010c40 f i libucrtd:output.obj
 0001:0000fc80       ??0formatting_buffer@__crt_stdio_output@@QEAA@XZ 0000000180010c80 f i libucrtd:output.obj
 0001:0000fcc0       ??1?$common_data@D@__crt_stdio_output@@QEAA@XZ 0000000180010cc0 f i libucrtd:output.obj
 0001:0000fcc0       ??1?$common_data@_W@__crt_stdio_output@@QEAA@XZ 0000000180010cc0 f i libucrtd:output.obj
 0001:0000fce0       ??1?$format_validation_base@DV?$string_output_adapter@D@__crt_stdio_output@@@__crt_stdio_output@@QEAA@XZ 0000000180010ce0 f i libucrtd:output.obj
 0001:0000fce0       ??1?$format_validation_base@_WV?$string_output_adapter@_W@__crt_stdio_output@@@__crt_stdio_output@@QEAA@XZ 0000000180010ce0 f i libucrtd:output.obj
 0001:0000fd00       ??1?$output_adapter_data@_WV?$string_output_adapter@_W@__crt_stdio_output@@@__crt_stdio_output@@QEAA@XZ 0000000180010d00 f i libucrtd:output.obj
 0001:0000fd00       ??1?$output_adapter_data@DV?$string_output_adapter@D@__crt_stdio_output@@@__crt_stdio_output@@QEAA@XZ 0000000180010d00 f i libucrtd:output.obj
 0001:0000fd20       ??1?$output_processor@_WV?$string_output_adapter@_W@__crt_stdio_output@@V?$format_validation_base@_WV?$string_output_adapter@_W@__crt_stdio_output@@@2@@__crt_stdio_output@@QEAA@XZ 0000000180010d20 f i libucrtd:output.obj
 0001:0000fd20       ??1?$output_processor@DV?$string_output_adapter@D@__crt_stdio_output@@V?$format_validation_base@DV?$string_output_adapter@D@__crt_stdio_output@@@2@@__crt_stdio_output@@QEAA@XZ 0000000180010d20 f i libucrtd:output.obj
 0001:0000fd40       ??1?$standard_base@_WV?$string_output_adapter@_W@__crt_stdio_output@@@__crt_stdio_output@@QEAA@XZ 0000000180010d40 f i libucrtd:output.obj
 0001:0000fd40       ??1?$standard_base@DV?$string_output_adapter@D@__crt_stdio_output@@@__crt_stdio_output@@QEAA@XZ 0000000180010d40 f i libucrtd:output.obj
 0001:0000fd60       ??1__crt_errno_guard@@QEAA@XZ 0000000180010d60 f i libucrtd:output.obj
 0001:0000fd90       ??1formatting_buffer@__crt_stdio_output@@QEAA@XZ 0000000180010d90 f i libucrtd:output.obj
 0001:0000fdc0       ??4?$__crt_unique_heap_ptr@DU__crt_internal_free_policy@@@@QEAAAEAV0@$$QEAV0@@Z 0000000180010dc0 f i libucrtd:output.obj
 0001:0000fe00       ?adjust_hexit@?$output_processor@DV?$string_output_adapter@D@__crt_stdio_output@@V?$format_validation_base@DV?$string_output_adapter@D@__crt_stdio_output@@@2@@__crt_stdio_output@@CADH_N@Z 0000000180010e00 f i libucrtd:output.obj
 0001:0000fe00       ?adjust_hexit@?$output_processor@_WV?$string_output_adapter@_W@__crt_stdio_output@@V?$format_validation_base@_WV?$string_output_adapter@_W@__crt_stdio_output@@@2@@__crt_stdio_output@@CADH_N@Z 0000000180010e00 f i libucrtd:output.obj
 0001:0000fe50       ?advance_to_next_pass@?$standard_base@DV?$string_output_adapter@D@__crt_stdio_output@@@__crt_stdio_output@@IEAA_NXZ 0000000180010e50 f i libucrtd:output.obj
 0001:0000fe50       ?advance_to_next_pass@?$standard_base@_WV?$string_output_adapter@_W@__crt_stdio_output@@@__crt_stdio_output@@IEAA_NXZ 0000000180010e50 f i libucrtd:output.obj
 0001:0000fea0       ?crop_zeroes@__crt_stdio_output@@YAXPEADQEAU__crt_locale_pointers@@@Z 0000000180010ea0 f i libucrtd:output.obj
 0001:0000ffe0       ?find_next_state@?$output_processor@DV?$string_output_adapter@D@__crt_stdio_output@@V?$format_validation_base@DV?$string_output_adapter@D@__crt_stdio_output@@@2@@__crt_stdio_output@@AEBA?AW4state@2@DW432@@Z 0000000180010fe0 f i libucrtd:output.obj
 0001:00010080       ?find_next_state@?$output_processor@_WV?$string_output_adapter@_W@__crt_stdio_output@@V?$format_validation_base@_WV?$string_output_adapter@_W@__crt_stdio_output@@@2@@__crt_stdio_output@@AEBA?AW4state@2@_WW432@@Z 0000000180011080 f i libucrtd:output.obj
 0001:00010120       ?force_decimal_point@__crt_stdio_output@@YAXPEADQEAU__crt_locale_pointers@@@Z 0000000180011120 f i libucrtd:output.obj
 0001:00010220       ?get@__crt_deferred_errno_cache@@QEAAAEAHXZ 0000000180011220 f i libucrtd:output.obj
 0001:00010250       ?get_flags@__crt_stdio_stream@@QEBAJXZ 0000000180011250 f i libucrtd:output.obj
 0001:00010280       ?has_flag@?$output_processor@DV?$string_output_adapter@D@__crt_stdio_output@@V?$format_validation_base@DV?$string_output_adapter@D@__crt_stdio_output@@@2@@__crt_stdio_output@@AEBA_NI@Z 0000000180011280 f i libucrtd:output.obj
 0001:00010280       ?has_flag@?$output_processor@_WV?$string_output_adapter@_W@__crt_stdio_output@@V?$format_validation_base@_WV?$string_output_adapter@_W@__crt_stdio_output@@@2@@__crt_stdio_output@@AEBA_NI@Z 0000000180011280 f i libucrtd:output.obj
 0001:000102c0       ?is_string_backed@__crt_stdio_stream@@QEBA_NXZ 00000001800112c0 f i libucrtd:output.obj
 0001:00010300       ?narrow_null_string@?$output_processor@DV?$string_output_adapter@D@__crt_stdio_output@@V?$format_validation_base@DV?$string_output_adapter@D@__crt_stdio_output@@@2@@__crt_stdio_output@@CAPEADXZ 0000000180011300 f i libucrtd:output.obj
 0001:00010300       ?narrow_null_string@?$output_processor@_WV?$string_output_adapter@_W@__crt_stdio_output@@V?$format_validation_base@_WV?$string_output_adapter@_W@__crt_stdio_output@@@2@@__crt_stdio_output@@CAPEADXZ 0000000180011300 f i libucrtd:output.obj
 0001:00010310       ?parse_int_from_format_string@?$output_processor@DV?$string_output_adapter@D@__crt_stdio_output@@V?$format_validation_base@DV?$string_output_adapter@D@__crt_stdio_output@@@2@@__crt_stdio_output@@AEAA_NQEAH@Z 0000000180011310 f i libucrtd:output.obj
 0001:00010400       ?parse_int_from_format_string@?$output_processor@_WV?$string_output_adapter@_W@__crt_stdio_output@@V?$format_validation_base@_WV?$string_output_adapter@_W@__crt_stdio_output@@@2@@__crt_stdio_output@@AEAA_NQEAH@Z 0000000180011400 f i libucrtd:output.obj
 0001:000104f0       ?process@?$output_processor@DV?$string_output_adapter@D@__crt_stdio_output@@V?$format_validation_base@DV?$string_output_adapter@D@__crt_stdio_output@@@2@@__crt_stdio_output@@QEAAHXZ 00000001800114f0 f i libucrtd:output.obj
 0001:00010850       ?process@?$output_processor@_WV?$string_output_adapter@_W@__crt_stdio_output@@V?$format_validation_base@_WV?$string_output_adapter@_W@__crt_stdio_output@@@2@@__crt_stdio_output@@QEAAHXZ 0000000180011850 f i libucrtd:output.obj
 0001:00010bb0       ?set_flag@?$output_processor@DV?$string_output_adapter@D@__crt_stdio_output@@V?$format_validation_base@DV?$string_output_adapter@D@__crt_stdio_output@@@2@@__crt_stdio_output@@AEAAXI@Z 0000000180011bb0 f i libucrtd:output.obj
 0001:00010bb0       ?set_flag@?$output_processor@_WV?$string_output_adapter@_W@__crt_stdio_output@@V?$format_validation_base@_WV?$string_output_adapter@_W@__crt_stdio_output@@@2@@__crt_stdio_output@@AEAAXI@Z 0000000180011bb0 f i libucrtd:output.obj
 0001:00010bd0       ?validate_state_for_type_case_a@?$standard_base@DV?$string_output_adapter@D@__crt_stdio_output@@@__crt_stdio_output@@IEBA_NXZ 0000000180011bd0 f i libucrtd:output.obj
 0001:00010bd0       ?validate_and_update_state_at_beginning_of_format_character@?$standard_base@DV?$string_output_adapter@D@__crt_stdio_output@@@__crt_stdio_output@@IEAA_NXZ 0000000180011bd0 f i libucrtd:output.obj
 0001:00010bd0       ?should_format@?$standard_base@_WV?$string_output_adapter@_W@__crt_stdio_output@@@__crt_stdio_output@@IEAA_NXZ 0000000180011bd0 f i libucrtd:output.obj
 0001:00010bd0       ?validate_and_update_state_at_beginning_of_format_character@?$standard_base@_WV?$string_output_adapter@_W@__crt_stdio_output@@@__crt_stdio_output@@IEAA_NXZ 0000000180011bd0 f i libucrtd:output.obj
 0001:00010bd0       ?validate_state_for_type_case_a@?$standard_base@_WV?$string_output_adapter@_W@__crt_stdio_output@@@__crt_stdio_output@@IEBA_NXZ 0000000180011bd0 f i libucrtd:output.obj
 0001:00010bd0       ?should_format@?$standard_base@DV?$string_output_adapter@D@__crt_stdio_output@@@__crt_stdio_output@@IEAA_NXZ 0000000180011bd0 f i libucrtd:output.obj
 0001:00010be0       ?should_skip_type_state_output@?$standard_base@DV?$string_output_adapter@D@__crt_stdio_output@@@__crt_stdio_output@@IEBA_NXZ 0000000180011be0 f i libucrtd:output.obj
 0001:00010be0       ?should_skip_normal_state_processing@?$standard_base@DV?$string_output_adapter@D@__crt_stdio_output@@@__crt_stdio_output@@IEAA_NXZ 0000000180011be0 f i libucrtd:output.obj
 0001:00010be0       ?should_skip_normal_state_processing@?$standard_base@_WV?$string_output_adapter@_W@__crt_stdio_output@@@__crt_stdio_output@@IEAA_NXZ 0000000180011be0 f i libucrtd:output.obj
 0001:00010be0       ?should_skip_type_state_output@?$standard_base@_WV?$string_output_adapter@_W@__crt_stdio_output@@@__crt_stdio_output@@IEBA_NXZ 0000000180011be0 f i libucrtd:output.obj
 0001:00010bf0       ?state_case_dot@?$output_processor@_WV?$string_output_adapter@_W@__crt_stdio_output@@V?$format_validation_base@_WV?$string_output_adapter@_W@__crt_stdio_output@@@2@@__crt_stdio_output@@AEAA_NXZ 0000000180011bf0 f i libucrtd:output.obj
 0001:00010bf0       ?state_case_dot@?$output_processor@DV?$string_output_adapter@D@__crt_stdio_output@@V?$format_validation_base@DV?$string_output_adapter@D@__crt_stdio_output@@@2@@__crt_stdio_output@@AEAA_NXZ 0000000180011bf0 f i libucrtd:output.obj
 0001:00010c10       ?state_case_flag@?$output_processor@DV?$string_output_adapter@D@__crt_stdio_output@@V?$format_validation_base@DV?$string_output_adapter@D@__crt_stdio_output@@@2@@__crt_stdio_output@@AEAA_NXZ 0000000180011c10 f i libucrtd:output.obj
 0001:00010cb0       ?state_case_flag@?$output_processor@_WV?$string_output_adapter@_W@__crt_stdio_output@@V?$format_validation_base@_WV?$string_output_adapter@_W@__crt_stdio_output@@@2@@__crt_stdio_output@@AEAA_NXZ 0000000180011cb0 f i libucrtd:output.obj
 0001:00010d50       ?state_case_normal@?$output_processor@DV?$string_output_adapter@D@__crt_stdio_output@@V?$format_validation_base@DV?$string_output_adapter@D@__crt_stdio_output@@@2@@__crt_stdio_output@@AEAA_NXZ 0000000180011d50 f i libucrtd:output.obj
 0001:00010e30       ?state_case_normal@?$output_processor@_WV?$string_output_adapter@_W@__crt_stdio_output@@V?$format_validation_base@_WV?$string_output_adapter@_W@__crt_stdio_output@@@2@@__crt_stdio_output@@AEAA_NXZ 0000000180011e30 f i libucrtd:output.obj
 0001:00010f10       ?state_case_normal_common@?$output_processor@DV?$string_output_adapter@D@__crt_stdio_output@@V?$format_validation_base@DV?$string_output_adapter@D@__crt_stdio_output@@@2@@__crt_stdio_output@@AEAA_NXZ 0000000180011f10 f i libucrtd:output.obj
 0001:00010f60       ?state_case_normal_common@?$output_processor@_WV?$string_output_adapter@_W@__crt_stdio_output@@V?$format_validation_base@_WV?$string_output_adapter@_W@__crt_stdio_output@@@2@@__crt_stdio_output@@AEAA_NXZ 0000000180011f60 f i libucrtd:output.obj
 0001:00010fb0       ?state_case_normal_tchar@?$output_processor@DV?$string_output_adapter@D@__crt_stdio_output@@V?$format_validation_base@DV?$string_output_adapter@D@__crt_stdio_output@@@2@@__crt_stdio_output@@AEAA_ND@Z 0000000180011fb0 f i libucrtd:output.obj
 0001:000110f0       ?state_case_normal_tchar@?$output_processor@_WV?$string_output_adapter@_W@__crt_stdio_output@@V?$format_validation_base@_WV?$string_output_adapter@_W@__crt_stdio_output@@@2@@__crt_stdio_output@@AEAA_N_W@Z 00000001800120f0 f i libucrtd:output.obj
 0001:00011110       ?state_case_percent@?$output_processor@_WV?$string_output_adapter@_W@__crt_stdio_output@@V?$format_validation_base@_WV?$string_output_adapter@_W@__crt_stdio_output@@@2@@__crt_stdio_output@@AEAA_NXZ 0000000180012110 f i libucrtd:output.obj
 0001:00011110       ?state_case_percent@?$output_processor@DV?$string_output_adapter@D@__crt_stdio_output@@V?$format_validation_base@DV?$string_output_adapter@D@__crt_stdio_output@@@2@@__crt_stdio_output@@AEAA_NXZ 0000000180012110 f i libucrtd:output.obj
 0001:00011160       ?state_case_precision@?$output_processor@DV?$string_output_adapter@D@__crt_stdio_output@@V?$format_validation_base@DV?$string_output_adapter@D@__crt_stdio_output@@@2@@__crt_stdio_output@@AEAA_NXZ 0000000180012160 f i libucrtd:output.obj
 0001:000111e0       ?state_case_precision@?$output_processor@_WV?$string_output_adapter@_W@__crt_stdio_output@@V?$format_validation_base@_WV?$string_output_adapter@_W@__crt_stdio_output@@@2@@__crt_stdio_output@@AEAA_NXZ 00000001800121e0 f i libucrtd:output.obj
 0001:00011260       ?state_case_size@?$output_processor@DV?$string_output_adapter@D@__crt_stdio_output@@V?$format_validation_base@DV?$string_output_adapter@D@__crt_stdio_output@@@2@@__crt_stdio_output@@AEAA_NXZ 0000000180012260 f i libucrtd:output.obj
 0001:000116e0       ?state_case_size@?$output_processor@_WV?$string_output_adapter@_W@__crt_stdio_output@@V?$format_validation_base@_WV?$string_output_adapter@_W@__crt_stdio_output@@@2@@__crt_stdio_output@@AEAA_NXZ 00000001800126e0 f i libucrtd:output.obj
 0001:00011b60       ?state_case_type@?$output_processor@DV?$string_output_adapter@D@__crt_stdio_output@@V?$format_validation_base@DV?$string_output_adapter@D@__crt_stdio_output@@@2@@__crt_stdio_output@@AEAA_NXZ 0000000180012b60 f i libucrtd:output.obj
 0001:00012000       ?state_case_type@?$output_processor@_WV?$string_output_adapter@_W@__crt_stdio_output@@V?$format_validation_base@_WV?$string_output_adapter@_W@__crt_stdio_output@@@2@@__crt_stdio_output@@AEAA_NXZ 0000000180013000 f i libucrtd:output.obj
 0001:00012560       ?state_case_width@?$output_processor@DV?$string_output_adapter@D@__crt_stdio_output@@V?$format_validation_base@DV?$string_output_adapter@D@__crt_stdio_output@@@2@@__crt_stdio_output@@AEAA_NXZ 0000000180013560 f i libucrtd:output.obj
 0001:000125f0       ?state_case_width@?$output_processor@_WV?$string_output_adapter@_W@__crt_stdio_output@@V?$format_validation_base@_WV?$string_output_adapter@_W@__crt_stdio_output@@@2@@__crt_stdio_output@@AEAA_NXZ 00000001800135f0 f i libucrtd:output.obj
 0001:00012680       ?state_count@?$format_validation_base@DV?$string_output_adapter@D@__crt_stdio_output@@@__crt_stdio_output@@KAIXZ 0000000180013680 f i libucrtd:output.obj
 0001:00012680       ?state_count@?$format_validation_base@_WV?$string_output_adapter@_W@__crt_stdio_output@@@__crt_stdio_output@@KAIXZ 0000000180013680 f i libucrtd:output.obj
 0001:00012690       ?state_transition_table@?$format_validation_base@DV?$string_output_adapter@D@__crt_stdio_output@@@__crt_stdio_output@@KAPEBEXZ 0000000180013690 f i libucrtd:output.obj
 0001:00012690       ?state_transition_table@?$format_validation_base@_WV?$string_output_adapter@_W@__crt_stdio_output@@@__crt_stdio_output@@KAPEBEXZ 0000000180013690 f i libucrtd:output.obj
 0001:000126a0       ?tchar_string@?$common_data@D@__crt_stdio_output@@IEAAAEAPEADD@Z 00000001800136a0 f i libucrtd:output.obj
 0001:000126c0       ?tchar_string@?$common_data@D@__crt_stdio_output@@IEAAAEAPEADXZ 00000001800136c0 f i libucrtd:output.obj
 0001:000126e0       ?tchar_string@?$common_data@_W@__crt_stdio_output@@IEAAAEAPEA_WXZ 00000001800136e0 f i libucrtd:output.obj
 0001:00012700       ?tchar_string@?$common_data@_W@__crt_stdio_output@@IEAAAEAPEA_W_W@Z 0000000180013700 f i libucrtd:output.obj
 0001:00012720       ?to_integer_size@__crt_stdio_output@@YA_KW4length_modifier@1@@Z 0000000180013720 f i libucrtd:output.obj
 0001:000127d0       ?type_case_X@?$output_processor@DV?$string_output_adapter@D@__crt_stdio_output@@V?$format_validation_base@DV?$string_output_adapter@D@__crt_stdio_output@@@2@@__crt_stdio_output@@AEAA_NXZ 00000001800137d0 f i libucrtd:output.obj
 0001:000127f0       ?type_case_X@?$output_processor@_WV?$string_output_adapter@_W@__crt_stdio_output@@V?$format_validation_base@_WV?$string_output_adapter@_W@__crt_stdio_output@@@2@@__crt_stdio_output@@AEAA_NXZ 00000001800137f0 f i libucrtd:output.obj
 0001:00012810       ?type_case_Z@?$output_processor@DV?$string_output_adapter@D@__crt_stdio_output@@V?$format_validation_base@DV?$string_output_adapter@D@__crt_stdio_output@@@2@@__crt_stdio_output@@AEAA_NXZ 0000000180013810 f i libucrtd:output.obj
 0001:00012930       ?type_case_Z@?$output_processor@_WV?$string_output_adapter@_W@__crt_stdio_output@@V?$format_validation_base@_WV?$string_output_adapter@_W@__crt_stdio_output@@@2@@__crt_stdio_output@@AEAA_NXZ 0000000180013930 f i libucrtd:output.obj
 0001:00012a50       ?type_case_a@?$output_processor@DV?$string_output_adapter@D@__crt_stdio_output@@V?$format_validation_base@DV?$string_output_adapter@D@__crt_stdio_output@@@2@@__crt_stdio_output@@AEAA_NXZ 0000000180013a50 f i libucrtd:output.obj
 0001:00012e10       ?type_case_a@?$output_processor@_WV?$string_output_adapter@_W@__crt_stdio_output@@V?$format_validation_base@_WV?$string_output_adapter@_W@__crt_stdio_output@@@2@@__crt_stdio_output@@AEAA_NXZ 0000000180013e10 f i libucrtd:output.obj
 0001:000131e0       ?type_case_c@?$output_processor@DV?$string_output_adapter@D@__crt_stdio_output@@V?$format_validation_base@DV?$string_output_adapter@D@__crt_stdio_output@@@2@@__crt_stdio_output@@AEAA_NXZ 00000001800141e0 f i libucrtd:output.obj
 0001:00013200       ?type_case_c@?$output_processor@_WV?$string_output_adapter@_W@__crt_stdio_output@@V?$format_validation_base@_WV?$string_output_adapter@_W@__crt_stdio_output@@@2@@__crt_stdio_output@@AEAA_NXZ 0000000180014200 f i libucrtd:output.obj
 0001:00013220       ?type_case_c_tchar@?$output_processor@DV?$string_output_adapter@D@__crt_stdio_output@@V?$format_validation_base@DV?$string_output_adapter@D@__crt_stdio_output@@@2@@__crt_stdio_output@@AEAA_ND@Z 0000000180014220 f i libucrtd:output.obj
 0001:00013370       ?type_case_c_tchar@?$output_processor@_WV?$string_output_adapter@_W@__crt_stdio_output@@V?$format_validation_base@_WV?$string_output_adapter@_W@__crt_stdio_output@@@2@@__crt_stdio_output@@AEAA_N_W@Z 0000000180014370 f i libucrtd:output.obj
 0001:000134a0       ?type_case_d@?$output_processor@DV?$string_output_adapter@D@__crt_stdio_output@@V?$format_validation_base@DV?$string_output_adapter@D@__crt_stdio_output@@@2@@__crt_stdio_output@@AEAA_NXZ 00000001800144a0 f i libucrtd:output.obj
 0001:000134d0       ?type_case_d@?$output_processor@_WV?$string_output_adapter@_W@__crt_stdio_output@@V?$format_validation_base@_WV?$string_output_adapter@_W@__crt_stdio_output@@@2@@__crt_stdio_output@@AEAA_NXZ 00000001800144d0 f i libucrtd:output.obj
 0001:00013500       ?type_case_integer@?$output_processor@DV?$string_output_adapter@D@__crt_stdio_output@@V?$format_validation_base@DV?$string_output_adapter@D@__crt_stdio_output@@@2@@__crt_stdio_output@@AEAA_NI_N@Z 0000000180014500 f i libucrtd:output.obj
 0001:00013950       ?type_case_integer@?$output_processor@_WV?$string_output_adapter@_W@__crt_stdio_output@@V?$format_validation_base@_WV?$string_output_adapter@_W@__crt_stdio_output@@@2@@__crt_stdio_output@@AEAA_NI_N@Z 0000000180014950 f i libucrtd:output.obj
 0001:00013da0       ?type_case_n@?$output_processor@DV?$string_output_adapter@D@__crt_stdio_output@@V?$format_validation_base@DV?$string_output_adapter@D@__crt_stdio_output@@@2@@__crt_stdio_output@@AEAA_NXZ 0000000180014da0 f i libucrtd:output.obj
[...]
 0004:00002910       $pdata$??$__acrt_fenv_translate_bit@W4__acrt_fenv_machine_sse_control@@W4__acrt_fenv_abstract_control@@@@YA?AW4__acrt_fenv_machine_sse_control@@W4__acrt_fenv_abstract_control@@0W40@1@Z 0000000180057910     libucrtd:_fenvutils.obj
 0004:0000291c       $pdata$??$__acrt_fenv_unshift_bits@W4__acrt_fenv_abstract_control@@@@YA?AW4__acrt_fenv_abstract_control@@W40@0I@Z 000000018005791c     libucrtd:_fenvutils.obj
 0004:0000291c       $pdata$??$__acrt_fenv_unshift_bits@W4__acrt_fenv_abstract_status@@@@YA?AW4__acrt_fenv_abstract_status@@W40@0I@Z 000000018005791c     libucrtd:_fenvutils.obj
 0004:00002928       $pdata$??$to_abstract_status@W4__acrt_fenv_machine_sse_status@@@@YA?AW4__acrt_fenv_abstract_status@@W4__acrt_fenv_machine_sse_status@@@Z 0000000180057928     libucrtd:_fenvutils.obj
 0004:00002934       $pdata$??$translate_control_exception_mask@W4__acrt_fenv_abstract_control@@W4__acrt_fenv_machine_sse_control@@@@YA?AW4__acrt_fenv_abstract_control@@W4__acrt_fenv_machine_sse_control@@@Z 0000000180057934     libucrtd:_fenvutils.obj
 0004:00002940       $pdata$??$translate_control_exception_mask@W4__acrt_fenv_machine_sse_control@@W4__acrt_fenv_abstract_control@@@@YA?AW4__acrt_fenv_machine_sse_control@@W4__acrt_fenv_abstract_control@@@Z 0000000180057940     libucrtd:_fenvutils.obj
 0004:0000294c       $pdata$??$translate_control_rounding_control@W4__acrt_fenv_abstract_control@@W4__acrt_fenv_machine_sse_control@@@@YA?AW4__acrt_fenv_abstract_control@@W4__acrt_fenv_machine_sse_control@@@Z 000000018005794c     libucrtd:_fenvutils.obj
 0004:00002958       $pdata$??$translate_control_rounding_control@W4__acrt_fenv_machine_sse_control@@W4__acrt_fenv_abstract_control@@@@YA?AW4__acrt_fenv_machine_sse_control@@W4__acrt_fenv_abstract_control@@@Z 0000000180057958     libucrtd:_fenvutils.obj
 0004:00002964       $pdata$??$translate_status@W4__acrt_fenv_abstract_status@@W4__acrt_fenv_machine_sse_status@@@@YA?AW4__acrt_fenv_abstract_status@@W4__acrt_fenv_machine_sse_status@@@Z 0000000180057964     libucrtd:_fenvutils.obj
 0004:00002970       $pdata$??$translate_status@W4__acrt_fenv_machine_sse_status@@W4__acrt_fenv_abstract_status@@@@YA?AW4__acrt_fenv_machine_sse_status@@W4__acrt_fenv_abstract_status@@@Z 0000000180057970     libucrtd:_fenvutils.obj
 0004:0000297c       $pdata$?__acrt_fenv_shift_abstract_sse_control@@YA?AW4__acrt_fenv_abstract_control@@W41@@Z 000000018005797c     libucrtd:_fenvutils.obj
 0004:00002988       $pdata$?__acrt_fenv_shift_abstract_sse_status@@YA?AW4__acrt_fenv_abstract_status@@W41@@Z 0000000180057988     libucrtd:_fenvutils.obj
 0004:00002994       $pdata$?__acrt_fenv_unshift_abstract_sse_control@@YA?AW4__acrt_fenv_abstract_control@@W41@@Z 0000000180057994     libucrtd:_fenvutils.obj
 0004:000029a0       $pdata$?__acrt_fenv_unshift_abstract_sse_status@@YA?AW4__acrt_fenv_abstract_status@@W41@@Z 00000001800579a0     libucrtd:_fenvutils.obj
 0004:000029ac       $pdata$?get_machine_sse_control@@YA?AW4__acrt_fenv_machine_sse_control@@XZ 00000001800579ac     libucrtd:_fenvutils.obj
 0004:000029b8       $pdata$?get_machine_sse_status@@YA?AW4__acrt_fenv_machine_sse_status@@XZ 00000001800579b8     libucrtd:_fenvutils.obj
 0004:000029c4       $pdata$?set_machine_sse_control@@YAXW4__acrt_fenv_machine_sse_control@@@Z 00000001800579c4     libucrtd:_fenvutils.obj
 0004:000029d0       $pdata$?set_machine_sse_status@@YAXW4__acrt_fenv_machine_sse_status@@@Z 00000001800579d0     libucrtd:_fenvutils.obj
 0004:000029dc       $pdata$?to_abstract_control@@YA?AW4__acrt_fenv_abstract_control@@W4__acrt_fenv_machine_sse_control@@@Z 00000001800579dc     libucrtd:_fenvutils.obj
 0004:000029e8       $pdata$?to_machine_sse_control@@YA?AW4__acrt_fenv_machine_sse_control@@W4__acrt_fenv_abstract_control@@@Z 00000001800579e8     libucrtd:_fenvutils.obj
 0004:000029f4       $pdata$?to_machine_sse_status@@YA?AW4__acrt_fenv_machine_sse_status@@W4__acrt_fenv_abstract_status@@@Z 00000001800579f4     libucrtd:_fenvutils.obj
 0004:00002a00       $pdata$?translate_control_denormal_control_from_sse@@YA?AW4__acrt_fenv_abstract_control@@W4__acrt_fenv_machine_sse_control@@@Z 0000000180057a00     libucrtd:_fenvutils.obj
 0004:00002a0c       $pdata$?translate_control_denormal_control_to_sse@@YA?AW4__acrt_fenv_machine_sse_control@@W4__acrt_fenv_abstract_control@@@Z 0000000180057a0c     libucrtd:_fenvutils.obj
 0004:00002a18       $pdata$__acrt_fenv_get_control 0000000180057a18     libucrtd:_fenvutils.obj
 0004:00002a24       $pdata$__acrt_fenv_get_status 0000000180057a24     libucrtd:_fenvutils.obj
 0004:00002a30       $pdata$__acrt_fenv_set_control 0000000180057a30     libucrtd:_fenvutils.obj
 0004:00002a3c       $pdata$__acrt_fenv_set_status 0000000180057a3c     libucrtd:_fenvutils.obj
 0004:00002a48       $pdata$_abstract_sw        0000000180057a48     libucrtd:ieee.obj
 0004:00002a54       $pdata$_clearfp            0000000180057a54     libucrtd:ieee.obj
 0004:00002a60       $pdata$??$?RV<lambda_53fc7fc888e23d815d7080162c0aeeb2>@@AEAV<lambda_4e7105787b7b0e0227fbf2b2d883fa65>@@V<lambda_8ddc48ad9d26c778cb15812d1d88fc8a>@@@?$__crt_seh_guarded_call@H@@QEAAH$$QEAV<lambda_53fc7fc888e23d815d7080162c0aeeb2>@@AEAV<lambda_4e7105787b7b0e0227fbf2b2d883fa65>@@$$QEAV<lambda_8ddc48ad9d26c778cb15812d1d88fc8a>@@@Z 0000000180057a60     libucrtd:close.obj
 0004:00002a6c       $pdata$??$__acrt_lowio_lock_fh_and_call@V<lambda_4e7105787b7b0e0227fbf2b2d883fa65>@@@@YAHH$$QEAV<lambda_4e7105787b7b0e0227fbf2b2d883fa65>@@@Z 0000000180057a6c     libucrtd:close.obj
 0004:00002a78       $pdata$??R<lambda_4e7105787b7b0e0227fbf2b2d883fa65>@@QEBAHXZ 0000000180057a78     libucrtd:close.obj
 0004:00002a84       $pdata$?close_os_handle_nolock@@YAKH@Z 0000000180057a84     libucrtd:close.obj
 0004:00002a90       $pdata$_close              0000000180057a90     libucrtd:close.obj
 0004:00002a9c       $pdata$_close_nolock       0000000180057a9c     libucrtd:close.obj
 0004:00002aa8       $pdata$?__acrt_stdio_free_stream@@YAXV__crt_stdio_stream@@@Z 0000000180057aa8     libucrtd:stream.obj
 0004:00002ab4       $pdata$?__c16rtomb_utf8@__crt_mbstring@@YA_KPEAD_SPEAU_Mbstatet@@@Z 0000000180057ab4     libucrtd:c16rtomb.obj
 0004:00002ac0       $pdata$?has_surrogate@?A0xc60ee810@@YA_NPEAU_Mbstatet@@@Z 0000000180057ac0     libucrtd:c16rtomb.obj
 0004:00002acc       $pdata$?is_first_surrogate@?A0xc60ee810@@YA_N_S@Z 0000000180057acc     libucrtd:c16rtomb.obj
 0004:00002ad8       $pdata$?is_second_surrogate@?A0xc60ee810@@YA_N_S@Z 0000000180057ad8     libucrtd:c16rtomb.obj
 0004:00002ae4       $pdata$?store_first_surrogate@?A0xc60ee810@@YAX_SPEAU_Mbstatet@@@Z 0000000180057ae4     libucrtd:c16rtomb.obj
 0004:00002af0       $pdata$__dcrt_lowio_ensure_console_output_initialized 0000000180057af0     libucrtd:initcon.obj
 0004:00002afc       $pdata$__dcrt_terminate_console_output 0000000180057afc     libucrtd:initcon.obj
 0004:00002b08       $pdata$__dcrt_write_console 0000000180057b08     libucrtd:initcon.obj
 0004:00002b14       $pdata$_raise_exc          0000000180057b14     libucrtd:fpexcept.obj
 0004:00002b20       $pdata$_raise_exc_ex       0000000180057b20     libucrtd:fpexcept.obj
 0004:00002b2c       $pdata$_set_errno_from_matherr 0000000180057b2c     libucrtd:fpexcept.obj
 0004:00002b38       $pdata$_clrfp              0000000180057b38     libucrtd:fpctrl.obj
 0004:00002b44       $pdata$_ctrlfp             0000000180057b44     libucrtd:fpctrl.obj
 0004:00002b50       $pdata$_set_statfp         0000000180057b50     libucrtd:fpctrl.obj
 0004:00002b5c       $pdata$_statfp             0000000180057b5c     libucrtd:fpctrl.obj
 0004:00002b74       $pdata$_FindPESection      0000000180057b74     LIBCMTD:pesect.obj
 0004:00002b80       $pdata$_IsNonwritableInCurrentImage 0000000180057b80     LIBCMTD:pesect.obj
 0004:00002b8c       $pdata$_ValidateImageBase  0000000180057b8c     LIBCMTD:pesect.obj
 0004:00002b98       $pdata$??_Gtype_info@@UEAAPEAXI@Z 0000000180057b98     LIBCMTD:std_type_info_static.obj
 0004:00002ba4       $pdata$??3@YAXPEAX_K@Z     0000000180057ba4     LIBCMTD:delete_scalar_size.obj
 0004:00002bb0       $pdata$__GSHandlerCheck_SEH 0000000180057bb0     LIBCMTD:gshandlerseh.obj
 0004:00002bc8       $pdata$__GSHandlerCheck_EH 0000000180057bc8     LIBCMTD:gshandlereh.obj
 0004:00002bd4       $pdata$??3@YAXPEAX@Z       0000000180057bd4     LIBCMTD:delete_scalar.obj
 0004:00002bec       $pdata$strrchr             0000000180057bec     libvcruntimed:strrchr.obj
 0004:00002c10       $pdata$__scrt_is_nonwritable_in_current_image$filt$0 0000000180057c10     LIBCMTD:utility.obj
 0004:00002c1c       $pdata$?fin$0@?0??dllmain_crt_process_attach@@YAHQEAUHINSTANCE__@@QEAX@Z@4HA 0000000180057c1c     LIBCMTD:dll_dllmain.obj
 0004:00002c28       $pdata$?fin$0@?0??dllmain_crt_process_detach@@YAH_N@Z@4HA 0000000180057c28     LIBCMTD:dll_dllmain.obj
 0004:00002c34       $pdata$?fin$1@?0??dllmain_crt_process_detach@@YAH_N@Z@4HA 0000000180057c34     LIBCMTD:dll_dllmain.obj
 0004:00002c40       $pdata$?filt$0@?0??dllmain_dispatch@@YAHQEAUHINSTANCE__@@KQEAX@Z@4HA 0000000180057c40     LIBCMTD:dll_dllmain.obj
 0004:00002c4c       $pdata$__DestructExceptionObject$filt$0 0000000180057c4c     libvcruntimed:ehhelpers.obj
 0004:00002c58       $pdata$?filt$0@?0???$_CallSETranslator@V__FrameHandler3@@@@YAHPEAUEHExceptionRecord@@PEA_KPEAU_CONTEXT@@PEAU_xDISPATCHER_CONTEXT@@PEBU_s_FuncInfo@@K1H@Z@4HA 0000000180057c58     libvcruntimed:risctrnsctrl.obj
 0004:00002c64       $pdata$?filt$0@?0???$BuildCatchObjectHelperInternal@V__FrameHandler3@@@@YAHPEAUEHExceptionRecord@@PEAXPEBU_s_HandlerType@@PEBU_s_CatchableType@@@Z@4HA 0000000180057c64     libvcruntimed:frame.obj
 0004:00002c64       $pdata$?filt$0@?0???$BuildCatchObjectInternal@V__FrameHandler3@@@@YAXPEAUEHExceptionRecord@@PEAXPEBU_s_HandlerType@@PEBU_s_CatchableType@@@Z@4HA 0000000180057c64     libvcruntimed:frame.obj
 0004:00002c64       $pdata$?filt$0@?0??is_bad_read_pointer@@YA_NQEBX_K@Z@4HA 0000000180057c64     libucrtd:debug_heap.obj
 0004:00002c64       $pdata$terminate$filt$0    0000000180057c64     libucrtd:terminate.obj
 0004:00002c70       $pdata$?filt$0@?0??CxxCallCatchBlock@__FrameHandler3@@SAPEAXPEAU_EXCEPTION_RECORD@@@Z@4HA 0000000180057c70     libvcruntimed:frame.obj
 0004:00002c7c       $pdata$?fin$1@?0??CxxCallCatchBlock@__FrameHandler3@@SAPEAXPEAU_EXCEPTION_RECORD@@@Z@4HA 0000000180057c7c     libvcruntimed:frame.obj
 0004:00002c88       $pdata$?filt$0@?0??FrameUnwindToState@__FrameHandler3@@SAXPEA_KPEAU_xDISPATCHER_CONTEXT@@PEBU_s_FuncInfo@@H@Z@4HA 0000000180057c88     libvcruntimed:frame.obj
 0004:00002c94       $pdata$?fin$1@?0??FrameUnwindToState@__FrameHandler3@@SAXPEA_KPEAU_xDISPATCHER_CONTEXT@@PEBU_s_FuncInfo@@H@Z@4HA 0000000180057c94     libvcruntimed:frame.obj
 0004:00002ca0       $pdata$?fin$0@?0???$?RV<lambda_0ae27a3a962d80f24befdcbee591983d>@@AEAV<lambda_8d0ee55de4b1038c4002e0adecdf1839>@@V<lambda_dc504788e8f1664fe9b84e20bfb512f2>@@@?$__crt_seh_guarded_call@X@@QEAAX$$QEAV<lambda_0ae27a3a962d80f24befdcbee591983d>@@AEAV<lambda_8d0ee55de4b1038c4002e0adecdf1839>@@$$QEAV<lambda_dc504788e8f1664fe9b84e20bfb512f2>@@@Z@4HA 0000000180057ca0     libucrtd:per_thread_data.obj
 0004:00002ca0       $pdata$?fin$0@?0???$?RV<lambda_2d41944a1d46af3157314b8a01080d33>@@AEAV<lambda_8f455de75cd7d7f24b4096f044d8b9e6>@@V<lambda_aa500f224e6afead328df44964fe2772>@@@?$__crt_seh_guarded_call@X@@QEAAX$$QEAV<lambda_2d41944a1d46af3157314b8a01080d33>@@AEAV<lambda_8f455de75cd7d7f24b4096f044d8b9e6>@@$$QEAV<lambda_aa500f224e6afead328df44964fe2772>@@@Z@4HA 0000000180057ca0     libucrtd:per_thread_data.obj
 0004:00002ca0       $pdata$?fin$0@?0???$?RV<lambda_74a0ef281e44d15e1136f792f539efb3>@@AEAV<lambda_e157831efee4ea0afb0a2ace5dd5fd0d>@@V<lambda_04ddeca75b7c13fd67716e8dfcef87ee>@@@?$__crt_seh_guarded_call@X@@QEAAX$$QEAV<lambda_74a0ef281e44d15e1136f792f539efb3>@@AEAV<lambda_e157831efee4ea0afb0a2ace5dd5fd0d>@@$$QEAV<lambda_04ddeca75b7c13fd67716e8dfcef87ee>@@@Z@4HA 0000000180057ca0     libucrtd:per_thread_data.obj
 0004:00002ca0       $pdata$?fin$0@?0???$?RV<lambda_aa87e3671a710a21b5dc78c0bdf72e11>@@AEAV<lambda_92619d2358a28f41a33ba319515a20b9>@@V<lambda_6992ecaafeb10aed2b74cb1fae11a551>@@@?$__crt_seh_guarded_call@X@@QEAAX$$QEAV<lambda_aa87e3671a710a21b5dc78c0bdf72e11>@@AEAV<lambda_92619d2358a28f41a33ba319515a20b9>@@$$QEAV<lambda_6992ecaafeb10aed2b74cb1fae11a551>@@@Z@4HA 0000000180057ca0     libucrtd:per_thread_data.obj
 0004:00002ca0       $pdata$?fin$0@?0???$?RV<lambda_410d79af7f07d98d83a3f525b3859a53>@@AEAV<lambda_3e16ef9562a7dcce91392c22ab16ea36>@@V<lambda_38119f0e861e05405d8a144b9b982f0a>@@@?$__crt_seh_guarded_call@X@@QEAAX$$QEAV<lambda_410d79af7f07d98d83a3f525b3859a53>@@AEAV<lambda_3e16ef9562a7dcce91392c22ab16ea36>@@$$QEAV<lambda_38119f0e861e05405d8a144b9b982f0a>@@@Z@4HA 0000000180057ca0     libucrtd:wsetlocale.obj
 0004:00002ca0       $pdata$?fin$0@?0???$?RV<lambda_efa02eb69bf647d2f7ff0dd6f1103f72>@@AEAV<lambda_bd5a608237428601b7e45fbdc72b1ae8>@@V<lambda_728235dc0fc2b1f82d1fa5b3e7102d8f>@@@?$__crt_seh_guarded_call@X@@QEAAX$$QEAV<lambda_efa02eb69bf647d2f7ff0dd6f1103f72>@@AEAV<lambda_bd5a608237428601b7e45fbdc72b1ae8>@@$$QEAV<lambda_728235dc0fc2b1f82d1fa5b3e7102d8f>@@@Z@4HA 0000000180057ca0     libucrtd:mbctype.obj
 0004:00002ca0       $pdata$?fin$0@?0???$?RV<lambda_d80eeec6fff315bfe5c115232f3240e3>@@AEAV<lambda_6e4b09c48022b2350581041d5f6b0c4c>@@V<lambda_2358e3775559c9db80273638284d5e45>@@@?$__crt_seh_guarded_call@X@@QEAAX$$QEAV<lambda_d80eeec6fff315bfe5c115232f3240e3>@@AEAV<lambda_6e4b09c48022b2350581041d5f6b0c4c>@@$$QEAV<lambda_2358e3775559c9db80273638284d5e45>@@@Z@4HA 0000000180057ca0     libucrtd:exit.obj
 0004:00002ca0       $pdata$?fin$0@?0???$?RV<lambda_886d6c58226a84441f68b9f2b8217b83>@@AEAV<lambda_ab61a845afdef5b7c387490eaf3616ee>@@V<lambda_f7f22ab5edc0698d5f6905b0d3f44752>@@@?$__crt_seh_guarded_call@X@@QEAAX$$QEAV<lambda_886d6c58226a84441f68b9f2b8217b83>@@AEAV<lambda_ab61a845afdef5b7c387490eaf3616ee>@@$$QEAV<lambda_f7f22ab5edc0698d5f6905b0d3f44752>@@@Z@4HA 0000000180057ca0     libucrtd:fflush.obj
 0004:00002cac       $pdata$?filt$0@?0???R<lambda_6e4b09c48022b2350581041d5f6b0c4c>@@QEBA@XZ@4HA 0000000180057cac     libucrtd:exit.obj
 0004:00002cb8       $pdata$?fin$0@?0???$?RV<lambda_450d765d439847d4c735a33c368b5fc0>@@AEAV<lambda_44731a7d0e6d81c3e6aa82d741081786>@@V<lambda_601a2a7da3b7a96e9554ac7215c4b07c>@@@?$__crt_seh_guarded_call@P6AXH@Z@@QEAAP6AXH@Z$$QEAV<lambda_450d765d439847d4c735a33c368b5fc0>@@AEAV<lambda_44731a7d0e6d81c3e6aa82d741081786>@@$$QEAV<lambda_601a2a7da3b7a96e9554ac7215c4b07c>@@@Z@4HA 0000000180057cb8     libucrtd:signal.obj
 0004:00002cb8       $pdata$?fin$0@?0???$?RV<lambda_6a47f4c8fd0152770a780fc1d70204eb>@@AEAV<lambda_d121dba8a4adeaf3a9819e48611155df>@@V<lambda_6aaa2265f5b6a89667e7d7630012e97a>@@@?$__crt_seh_guarded_call@H@@QEAAH$$QEAV<lambda_6a47f4c8fd0152770a780fc1d70204eb>@@AEAV<lambda_d121dba8a4adeaf3a9819e48611155df>@@$$QEAV<lambda_6aaa2265f5b6a89667e7d7630012e97a>@@@Z@4HA 0000000180057cb8     libucrtd:onexit.obj
 0004:00002cb8       $pdata$?fin$0@?0???$?RV<lambda_dce957679fd779aa27c4ca5c39e09098>@@AEAV<lambda_3b83eb014488ad801d84acef5aaf14d3>@@V<lambda_00e911965883f7966597d4c465c83ebc>@@@?$__crt_seh_guarded_call@H@@QEAAH$$QEAV<lambda_dce957679fd779aa27c4ca5c39e09098>@@AEAV<lambda_3b83eb014488ad801d84acef5aaf14d3>@@$$QEAV<lambda_00e911965883f7966597d4c465c83ebc>@@@Z@4HA 0000000180057cb8     libucrtd:onexit.obj
 0004:00002cc4       $pdata$?dtor$0@?0???R<lambda_d121dba8a4adeaf3a9819e48611155df>@@QEBAHXZ@4HA 0000000180057cc4     libucrtd:onexit.obj
 0004:00002cd0       $pdata$?fin$0@?0??heap_alloc_dbg_internal@@YAPEAX_KHQEBDH@Z@4HA 0000000180057cd0     libucrtd:debug_heap.obj
 0004:00002cd0       $pdata$_CrtMemCheckpoint$fin$0 0000000180057cd0     libucrtd:debug_heap.obj
 0004:00002cdc       $pdata$?fin$0@?0??validate_heap_if_required_nolock@@YAXXZ@4HA 0000000180057cdc     libucrtd:debug_heap.obj
 0004:00002ce8       $pdata$_CrtCheckMemory$fin$0 0000000180057ce8     libucrtd:debug_heap.obj
 0004:00002ce8       $pdata$_CrtMemDumpAllObjectsSince$fin$0 0000000180057ce8     libucrtd:debug_heap.obj
 0004:00002ce8       $pdata$_CrtSetDbgFlag$fin$0 0000000180057ce8     libucrtd:debug_heap.obj
 0004:00002ce8       $pdata$_msize_dbg$fin$0    0000000180057ce8     libucrtd:debug_heap.obj
 0004:00002ce8       $pdata$_realloc_dbg$fin$0  0000000180057ce8     libucrtd:debug_heap.obj
 0004:00002cf4       $pdata$_free_dbg$fin$0     0000000180057cf4     libucrtd:debug_heap.obj
 0004:00002cf4       $pdata$_query_new_handler$fin$0 0000000180057cf4     libucrtd:new_handler.obj
 0004:00002d00       $pdata$?fin$0@?0??update_thread_multibyte_data_internal@@YAPEAU__crt_multibyte_data@@QEAU__acrt_ptd@@QEAPEAU1@@Z@4HA 0000000180057d00     libucrtd:mbctype.obj
 0004:00002d0c       $pdata$__acrt_initialize_lowio$fin$0 0000000180057d0c     libucrtd:ioinit.obj
 0004:00002d18       $pdata$raise$fin$0         0000000180057d18     libucrtd:signal.obj
 0004:00002d24       $pdata$?dtor$0@?0??fp_format_a@@YAHQEBNPEAD_KQEAD2H_NIQEAU__crt_locale_pointers@@@Z@4HA 0000000180057d24     libucrtd:cvt.obj
 0004:00002d30       $pdata$_VCrtDbgReportA$fin$0 0000000180057d30     libucrtd:dbgrptt.obj
 0004:00002d3c       $pdata$_VCrtDbgReportA$fin$1 0000000180057d3c     libucrtd:dbgrptt.obj
 0004:00002d48       $pdata$_VCrtDbgReportW$fin$0 0000000180057d48     libucrtd:dbgrptt.obj
 0004:00002d54       $pdata$_VCrtDbgReportW$fin$1 0000000180057d54     libucrtd:dbgrptt.obj
 0004:00002d60       $pdata$__acrt_update_thread_locale_data$fin$0 0000000180057d60     libucrtd:locale_refcounting.obj
 0004:00002d6c       $pdata$?dtor$0@?0??shortsort@@YAXPEAD0_KP6AHPEBX2@Z@Z@4HA 0000000180057d6c     libucrtd:qsort.obj
 0004:00002d78       $pdata$__acrt_lowio_ensure_fh_exists$fin$0 0000000180057d78     libucrtd:osfinfo.obj
 0004:00002d84       $pdata$?fin$0@?0???$?RV<lambda_842d9ff0dc9ef11c61343bbaebe7f885>@@AEAV<lambda_c5860995281e5c4ce005b3de8f5874ee>@@V<lambda_d90129c13df834fdcbf8d2b88dafcf2d>@@@?$__crt_seh_guarded_call@X@@QEAAX$$QEAV<lambda_842d9ff0dc9ef11c61343bbaebe7f885>@@AEAV<lambda_c5860995281e5c4ce005b3de8f5874ee>@@$$QEAV<lambda_d90129c13df834fdcbf8d2b88dafcf2d>@@@Z@4HA 0000000180057d84     libucrtd:fflush.obj
 0004:00002d90       $pdata$_fcloseall$fin$0    0000000180057d90     libucrtd:closeall.obj
 0004:00002d9c       $pdata$?dtor$0@?0??_wcstombs_l_helper@@YA_KPEADPEB_W_KPEAU__crt_locale_pointers@@@Z@4HA 0000000180057d9c     libucrtd:wcstombs.obj
 0004:00002da8       $pdata$?fin$0@?0???$?RV<lambda_53fc7fc888e23d815d7080162c0aeeb2>@@AEAV<lambda_4e7105787b7b0e0227fbf2b2d883fa65>@@V<lambda_8ddc48ad9d26c778cb15812d1d88fc8a>@@@?$__crt_seh_guarded_call@H@@QEAAH$$QEAV<lambda_53fc7fc888e23d815d7080162c0aeeb2>@@AEAV<lambda_4e7105787b7b0e0227fbf2b2d883fa65>@@$$QEAV<lambda_8ddc48ad9d26c778cb15812d1d88fc8a>@@@Z@4HA 0000000180057da8     libucrtd:close.obj
 0004:00002da8       $pdata$?fin$0@?0???$?RV<lambda_4e3dbe6921bc0b5a1a6bc6573fdc859e>@@AEAV<lambda_5533cddd4bda0037814beee657757329>@@V<lambda_47cffbaa968af5c721c38a4a6f8da44d>@@@?$__crt_seh_guarded_call@H@@QEAAH$$QEAV<lambda_4e3dbe6921bc0b5a1a6bc6573fdc859e>@@AEAV<lambda_5533cddd4bda0037814beee657757329>@@$$QEAV<lambda_47cffbaa968af5c721c38a4a6f8da44d>@@@Z@4HA 0000000180057da8     libucrtd:commit.obj
 0004:00002db4       $pdata$_write$fin$0        0000000180057db4     libucrtd:write.obj
 0004:00002dc0       $pdata$fclose$fin$0        0000000180057dc0     libucrtd:fclose.obj
 0004:00002dcc       $pdata$_ctrlfp$filt$0      0000000180057dcc     libucrtd:fpctrl.obj
 0004:00002dd8       $pdata$_IsNonwritableInCurrentImage$filt$0 0000000180057dd8     LIBCMTD:pesect.obj
 0005:00000000       MoveSmall                  0000000180058000     libvcruntimed:memcpy.obj
 0005:00000050       MsetTab                    0000000180058050     libvcruntimed:memset.obj
